Archive member included to satisfy reference by file (symbol)

/usr/lib/gcc/arm-none-eabi/10.3.1/../../../arm-none-eabi/lib/thumb/v7-m/nofp/libc_nano.a(lib_a-atexit.o)
                              /usr/lib/gcc/arm-none-eabi/10.3.1/../../../arm-none-eabi/lib/thumb/v7-m/nofp/crt0.o (atexit)
/usr/lib/gcc/arm-none-eabi/10.3.1/../../../arm-none-eabi/lib/thumb/v7-m/nofp/libc_nano.a(lib_a-exit.o)
                              /usr/lib/gcc/arm-none-eabi/10.3.1/../../../arm-none-eabi/lib/thumb/v7-m/nofp/crt0.o (exit)
/usr/lib/gcc/arm-none-eabi/10.3.1/../../../arm-none-eabi/lib/thumb/v7-m/nofp/libc_nano.a(lib_a-fini.o)
                              /usr/lib/gcc/arm-none-eabi/10.3.1/../../../arm-none-eabi/lib/thumb/v7-m/nofp/crt0.o (__libc_fini_array)
/usr/lib/gcc/arm-none-eabi/10.3.1/../../../arm-none-eabi/lib/thumb/v7-m/nofp/libc_nano.a(lib_a-impure.o)
                              /usr/lib/gcc/arm-none-eabi/10.3.1/../../../arm-none-eabi/lib/thumb/v7-m/nofp/libc_nano.a(lib_a-exit.o) (_global_impure_ptr)
/usr/lib/gcc/arm-none-eabi/10.3.1/../../../arm-none-eabi/lib/thumb/v7-m/nofp/libc_nano.a(lib_a-init.o)
                              /usr/lib/gcc/arm-none-eabi/10.3.1/../../../arm-none-eabi/lib/thumb/v7-m/nofp/crt0.o (__libc_init_array)
/usr/lib/gcc/arm-none-eabi/10.3.1/../../../arm-none-eabi/lib/thumb/v7-m/nofp/libc_nano.a(lib_a-memcmp.o)
                              build/mpu6050.o (memcmp)
/usr/lib/gcc/arm-none-eabi/10.3.1/../../../arm-none-eabi/lib/thumb/v7-m/nofp/libc_nano.a(lib_a-memcpy.o)
                              build/util.o (memcpy)
/usr/lib/gcc/arm-none-eabi/10.3.1/../../../arm-none-eabi/lib/thumb/v7-m/nofp/libc_nano.a(lib_a-memset.o)
                              /usr/lib/gcc/arm-none-eabi/10.3.1/../../../arm-none-eabi/lib/thumb/v7-m/nofp/crt0.o (memset)
/usr/lib/gcc/arm-none-eabi/10.3.1/../../../arm-none-eabi/lib/thumb/v7-m/nofp/libc_nano.a(lib_a-__atexit.o)
                              /usr/lib/gcc/arm-none-eabi/10.3.1/../../../arm-none-eabi/lib/thumb/v7-m/nofp/libc_nano.a(lib_a-atexit.o) (__register_exitproc)
/usr/lib/gcc/arm-none-eabi/10.3.1/../../../arm-none-eabi/lib/thumb/v7-m/nofp/libc_nano.a(lib_a-__call_atexit.o)
                              /usr/lib/gcc/arm-none-eabi/10.3.1/../../../arm-none-eabi/lib/thumb/v7-m/nofp/libc_nano.a(lib_a-__atexit.o) (__call_exitprocs)
/usr/lib/gcc/arm-none-eabi/10.3.1/../../../arm-none-eabi/lib/thumb/v7-m/nofp/libm.a(lib_a-w_asin.o)
                              build/mpu6050.o (asin)
/usr/lib/gcc/arm-none-eabi/10.3.1/../../../arm-none-eabi/lib/thumb/v7-m/nofp/libm.a(lib_a-w_atan2.o)
                              build/mpu6050.o (atan2)
/usr/lib/gcc/arm-none-eabi/10.3.1/../../../arm-none-eabi/lib/thumb/v7-m/nofp/libm.a(lib_a-e_asin.o)
                              /usr/lib/gcc/arm-none-eabi/10.3.1/../../../arm-none-eabi/lib/thumb/v7-m/nofp/libm.a(lib_a-w_asin.o) (__ieee754_asin)
/usr/lib/gcc/arm-none-eabi/10.3.1/../../../arm-none-eabi/lib/thumb/v7-m/nofp/libm.a(lib_a-e_atan2.o)
                              /usr/lib/gcc/arm-none-eabi/10.3.1/../../../arm-none-eabi/lib/thumb/v7-m/nofp/libm.a(lib_a-w_atan2.o) (__ieee754_atan2)
/usr/lib/gcc/arm-none-eabi/10.3.1/../../../arm-none-eabi/lib/thumb/v7-m/nofp/libm.a(lib_a-e_sqrt.o)
                              /usr/lib/gcc/arm-none-eabi/10.3.1/../../../arm-none-eabi/lib/thumb/v7-m/nofp/libm.a(lib_a-e_asin.o) (__ieee754_sqrt)
/usr/lib/gcc/arm-none-eabi/10.3.1/../../../arm-none-eabi/lib/thumb/v7-m/nofp/libm.a(lib_a-s_atan.o)
                              /usr/lib/gcc/arm-none-eabi/10.3.1/../../../arm-none-eabi/lib/thumb/v7-m/nofp/libm.a(lib_a-e_atan2.o) (atan)
/usr/lib/gcc/arm-none-eabi/10.3.1/../../../arm-none-eabi/lib/thumb/v7-m/nofp/libm.a(lib_a-s_fabs.o)
                              /usr/lib/gcc/arm-none-eabi/10.3.1/../../../arm-none-eabi/lib/thumb/v7-m/nofp/libm.a(lib_a-w_asin.o) (fabs)
/usr/lib/gcc/arm-none-eabi/10.3.1/../../../arm-none-eabi/lib/thumb/v7-m/nofp/libm.a(lib_a-s_lib_ver.o)
                              /usr/lib/gcc/arm-none-eabi/10.3.1/../../../arm-none-eabi/lib/thumb/v7-m/nofp/libm.a(lib_a-w_asin.o) (__fdlib_version)
/usr/lib/gcc/arm-none-eabi/10.3.1/../../../arm-none-eabi/lib/thumb/v7-m/nofp/libm.a(lib_a-s_nan.o)
                              /usr/lib/gcc/arm-none-eabi/10.3.1/../../../arm-none-eabi/lib/thumb/v7-m/nofp/libm.a(lib_a-w_asin.o) (nan)
/usr/lib/gcc/arm-none-eabi/10.3.1/../../../arm-none-eabi/lib/thumb/v7-m/nofp/libnosys.a(_exit.o)
                              /usr/lib/gcc/arm-none-eabi/10.3.1/../../../arm-none-eabi/lib/thumb/v7-m/nofp/libc_nano.a(lib_a-exit.o) (_exit)
/usr/lib/gcc/arm-none-eabi/10.3.1/thumb/v7-m/nofp/libgcc.a(_arm_muldf3.o)
                              build/mpu6050.o (__aeabi_dmul)
/usr/lib/gcc/arm-none-eabi/10.3.1/thumb/v7-m/nofp/libgcc.a(_arm_mulsf3.o)
                              build/mpu6050.o (__aeabi_fmul)
/usr/lib/gcc/arm-none-eabi/10.3.1/thumb/v7-m/nofp/libgcc.a(_arm_addsubdf3.o)
[...]
Memory Configuration

Name             Origin             Length             Attributes
RAM              0x0000000020000000 0x0000000000001000 xrw
FLASH            0x0000000008000000 0x0000000000008000 xr
*default*        0x0000000000000000 0xffffffffffffffff

Linker script and memory map

LOAD /usr/lib/gcc/arm-none-eabi/10.3.1/thumb/v7-m/nofp/crti.o
LOAD /usr/lib/gcc/arm-none-eabi/10.3.1/thumb/v7-m/nofp/crtbegin.o
LOAD /usr/lib/gcc/arm-none-eabi/10.3.1/../../../arm-none-eabi/lib/thumb/v7-m/nofp/crt0.o
LOAD build/gd32f1x0_adc.o
LOAD build/gd32f1x0_can.o
LOAD build/gd32f1x0_cec.o
LOAD build/gd32f1x0_cmp.o
LOAD build/gd32f1x0_crc.o
LOAD build/gd32f1x0_dac.o
LOAD build/gd32f1x0_dbg.o
LOAD build/gd32f1x0_dma.o
LOAD build/gd32f1x0_exti.o
LOAD build/gd32f1x0_fmc.o
LOAD build/gd32f1x0_fwdgt.o
LOAD build/gd32f1x0_gpio.o
LOAD build/gd32f1x0_i2c.o
LOAD build/gd32f1x0_ivref.o
LOAD build/gd32f1x0_misc.o
LOAD build/gd32f1x0_opa.o
LOAD build/gd32f1x0_pmu.o
LOAD build/gd32f1x0_rcu.o
LOAD build/gd32f1x0_rtc.o
LOAD build/gd32f1x0_slcd.o
LOAD build/gd32f1x0_spi.o
LOAD build/gd32f1x0_syscfg.o
LOAD build/gd32f1x0_timer.o
LOAD build/gd32f1x0_tsi.o
LOAD build/gd32f1x0_usart.o
LOAD build/gd32f1x0_wwdgt.o
LOAD build/system_gd32f1x0.o
LOAD build/main.o
LOAD build/util.o
LOAD build/systick.o
LOAD build/mpu6050.o
LOAD build/mpu6050_dmp.o
LOAD build/setup.o
LOAD build/i2c_it.o
LOAD build/gd32f1x0_it.o
LOAD build/startup_gd32f1x0.o
LOAD /usr/lib/gcc/arm-none-eabi/10.3.1/../../../arm-none-eabi/lib/thumb/v7-m/nofp/libc_nano.a
LOAD /usr/lib/gcc/arm-none-eabi/10.3.1/../../../arm-none-eabi/lib/thumb/v7-m/nofp/libm.a
LOAD /usr/lib/gcc/arm-none-eabi/10.3.1/../../../arm-none-eabi/lib/thumb/v7-m/nofp/libnosys.a
START GROUP
LOAD /usr/lib/gcc/arm-none-eabi/10.3.1/thumb/v7-m/nofp/libgcc.a
LOAD /usr/lib/gcc/arm-none-eabi/10.3.1/../../../arm-none-eabi/lib/thumb/v7-m/nofp/libc_nano.a
END GROUP
START GROUP
LOAD /usr/lib/gcc/arm-none-eabi/10.3.1/thumb/v7-m/nofp/libgcc.a
LOAD /usr/lib/gcc/arm-none-eabi/10.3.1/../../../arm-none-eabi/lib/thumb/v7-m/nofp/libc_nano.a
END GROUP
LOAD /usr/lib/gcc/arm-none-eabi/10.3.1/thumb/v7-m/nofp/crtend.o
LOAD /usr/lib/gcc/arm-none-eabi/10.3.1/thumb/v7-m/nofp/crtn.o
                0x0000000020001000                _estack = 0x20001000
                0x0000000000000200                _Min_Heap_Size = 0x200
                0x0000000000000400                _Min_Stack_Size = 0x400

.isr_vector     0x0000000008000000      0x168
                0x0000000008000000                . = ALIGN (0x4)
 *(.isr_vector)
 .isr_vector    0x0000000008000000      0x168 build/startup_gd32f1x0.o
                0x0000000008000000                g_pfnVectors
                0x0000000008000168                . = ALIGN (0x4)

.text           0x0000000008000168     0x4b84
                0x0000000008000168                . = ALIGN (0x4)
 *(.text)
 .text          0x0000000008000168       0x88 /usr/lib/gcc/arm-none-eabi/10.3.1/thumb/v7-m/nofp/crtbegin.o
 .text          0x00000000080001f0       0x68 /usr/lib/gcc/arm-none-eabi/10.3.1/../../../arm-none-eabi/lib/thumb/v7-m/nofp/libc_nano.a(lib_a-memcmp.o)
                0x00000000080001f0                memcmp
 .text          0x0000000008000258       0xec /usr/lib/gcc/arm-none-eabi/10.3.1/../../../arm-none-eabi/lib/thumb/v7-m/nofp/libc_nano.a(lib_a-memcpy.o)
                0x0000000008000258                memcpy
 .text          0x0000000008000344       0x60 /usr/lib/gcc/arm-none-eabi/10.3.1/../../../arm-none-eabi/lib/thumb/v7-m/nofp/libm.a(lib_a-w_asin.o)
                0x0000000008000344                asin
 .text          0x00000000080003a4        0x4 /usr/lib/gcc/arm-none-eabi/10.3.1/../../../arm-none-eabi/lib/thumb/v7-m/nofp/libm.a(lib_a-w_atan2.o)
                0x00000000080003a4                atan2
 .text          0x00000000080003a8      0x474 /usr/lib/gcc/arm-none-eabi/10.3.1/../../../arm-none-eabi/lib/thumb/v7-m/nofp/libm.a(lib_a-e_asin.o)
                0x00000000080003a8                __ieee754_asin
 *fill*         0x000000000800081c        0x4 
 .text          0x0000000008000820      0x190 /usr/lib/gcc/arm-none-eabi/10.3.1/../../../arm-none-eabi/lib/thumb/v7-m/nofp/libm.a(lib_a-e_atan2.o)
                0x0000000008000820                __ieee754_atan2
 .text          0x00000000080009b0      0x18c /usr/lib/gcc/arm-none-eabi/10.3.1/../../../arm-none-eabi/lib/thumb/v7-m/nofp/libm.a(lib_a-e_sqrt.o)
                0x00000000080009b0                __ieee754_sqrt
 *fill*         0x0000000008000b3c        0x4 
 .text          0x0000000008000b40      0x310 /usr/lib/gcc/arm-none-eabi/10.3.1/../../../arm-none-eabi/lib/thumb/v7-m/nofp/libm.a(lib_a-s_atan.o)
                0x0000000008000b40                atan
 .text          0x0000000008000e50        0x8 /usr/lib/gcc/arm-none-eabi/10.3.1/../../../arm-none-eabi/lib/thumb/v7-m/nofp/libm.a(lib_a-s_fabs.o)
                0x0000000008000e50                fabs
 .text          0x0000000008000e58        0xc /usr/lib/gcc/arm-none-eabi/10.3.1/../../../arm-none-eabi/lib/thumb/v7-m/nofp/libm.a(lib_a-s_nan.o)
                0x0000000008000e58                nan
 .text          0x0000000008000e64      0x378 /usr/lib/gcc/arm-none-eabi/10.3.1/thumb/v7-m/nofp/libgcc.a(_arm_addsubdf3.o)
                0x0000000008000e64                __aeabi_drsub
                0x0000000008000e6c                __aeabi_dsub
                0x0000000008000e6c                __subdf3
                0x0000000008000e70                __adddf3
                0x0000000008000e70                __aeabi_dadd
                0x00000000080010e8                __aeabi_ui2d
                0x00000000080010e8                __floatunsidf
                0x0000000008001108                __floatsidf
                0x0000000008001108                __aeabi_i2d
                0x000000000800112c                __extendsfdf2
                0x000000000800112c                __aeabi_f2d
                0x0000000008001170                __aeabi_ul2d
                0x0000000008001170                __floatundidf
                0x0000000008001180                __floatdidf
                0x0000000008001180                __aeabi_l2d
 .text          0x00000000080011dc      0x424 /usr/lib/gcc/arm-none-eabi/10.3.1/thumb/v7-m/nofp/libgcc.a(_arm_muldivdf3.o)
                0x00000000080011dc                __aeabi_dmul
                0x00000000080011dc                __muldf3
                0x0000000008001430                __aeabi_ddiv
                0x0000000008001430                __divdf3
 .text          0x0000000008001600      0x110 /usr/lib/gcc/arm-none-eabi/10.3.1/thumb/v7-m/nofp/libgcc.a(_arm_cmpdf2.o)
                0x0000000008001600                __gtdf2
                0x0000000008001600                __gedf2
                0x0000000008001608                __ltdf2
                0x0000000008001608                __ledf2
                0x0000000008001610                __cmpdf2
                0x0000000008001610                __eqdf2
                0x0000000008001610                __nedf2
                0x000000000800168c                __aeabi_cdrcmple
                0x000000000800169c                __aeabi_cdcmple
                0x000000000800169c                __aeabi_cdcmpeq
                0x00000000080016ac                __aeabi_dcmpeq
                0x00000000080016c0                __aeabi_dcmplt
                0x00000000080016d4                __aeabi_dcmple
                0x00000000080016e8                __aeabi_dcmpge
                0x00000000080016fc                __aeabi_dcmpgt
 .text          0x0000000008001710       0x2c /usr/lib/gcc/arm-none-eabi/10.3.1/thumb/v7-m/nofp/libgcc.a(_arm_unorddf2.o)
                0x0000000008001710                __aeabi_dcmpun
                0x0000000008001710                __unorddf2
 .text          0x000000000800173c       0x50 /usr/lib/gcc/arm-none-eabi/10.3.1/thumb/v7-m/nofp/libgcc.a(_arm_fixdfsi.o)
                0x000000000800173c                __fixdfsi
                0x000000000800173c                __aeabi_d2iz
 .text          0x000000000800178c       0xa0 /usr/lib/gcc/arm-none-eabi/10.3.1/thumb/v7-m/nofp/libgcc.a(_arm_truncdfsf2.o)
                0x000000000800178c                __aeabi_d2f
                0x000000000800178c                __truncdfsf2
 .text          0x000000000800182c      0x21c /usr/lib/gcc/arm-none-eabi/10.3.1/thumb/v7-m/nofp/libgcc.a(_arm_addsubsf3.o)
                0x000000000800182c                __aeabi_frsub
                0x0000000008001834                __subsf3
                0x0000000008001834                __aeabi_fsub
                0x0000000008001838                __aeabi_fadd
                0x0000000008001838                __addsf3
                0x0000000008001998                __aeabi_ui2f
                0x0000000008001998                __floatunsisf
                0x00000000080019a0                __aeabi_i2f
                0x00000000080019a0                __floatsisf
                0x00000000080019bc                __floatundisf
                0x00000000080019bc                __aeabi_ul2f
                0x00000000080019cc                __floatdisf
                0x00000000080019cc                __aeabi_l2f
 .text          0x0000000008001a48      0x2a0 /usr/lib/gcc/arm-none-eabi/10.3.1/thumb/v7-m/nofp/libgcc.a(_arm_muldivsf3.o)
                0x0000000008001a48                __mulsf3
                0x0000000008001a48                __aeabi_fmul
                0x0000000008001bb0                __divsf3
                0x0000000008001bb0                __aeabi_fdiv
 .text          0x0000000008001ce8       0x4c /usr/lib/gcc/arm-none-eabi/10.3.1/thumb/v7-m/nofp/libgcc.a(_arm_fixsfsi.o)
                0x0000000008001ce8                __fixsfsi
                0x0000000008001ce8                __aeabi_f2iz
 .text          0x0000000008001d34       0x40 /usr/lib/gcc/arm-none-eabi/10.3.1/thumb/v7-m/nofp/libgcc.a(_arm_fixunssfsi.o)
                0x0000000008001d34                __aeabi_f2uiz
                0x0000000008001d34                __fixunssfsi
 .text          0x0000000008001d74        0xc /usr/lib/gcc/arm-none-eabi/10.3.1/../../../arm-none-eabi/lib/thumb/v7-m/nofp/libc_nano.a(lib_a-errno.o)
                0x0000000008001d74                __errno
 *(.text*)
 .text.dma_deinit
                0x0000000008001d80       0x38 build/gd32f1x0_dma.o
                0x0000000008001d80                dma_deinit
 .text.dma_init
                0x0000000008001db8       0x7c build/gd32f1x0_dma.o
                0x0000000008001db8                dma_init
 .text.dma_circulation_enable
                0x0000000008001e34       0x14 build/gd32f1x0_dma.o
                0x0000000008001e34                dma_circulation_enable
 .text.dma_circulation_disable
                0x0000000008001e48       0x14 build/gd32f1x0_dma.o
                0x0000000008001e48                dma_circulation_disable
 .text.dma_memory_to_memory_disable
                0x0000000008001e5c       0x14 build/gd32f1x0_dma.o
                0x0000000008001e5c                dma_memory_to_memory_disable
 .text.dma_channel_enable
                0x0000000008001e70       0x14 build/gd32f1x0_dma.o
                0x0000000008001e70                dma_channel_enable
 .text.dma_channel_disable
                0x0000000008001e84       0x14 build/gd32f1x0_dma.o
                0x0000000008001e84                dma_channel_disable
 .text.dma_transfer_number_get
                0x0000000008001e98       0x10 build/gd32f1x0_dma.o
                0x0000000008001e98                dma_transfer_number_get
 .text.gpio_mode_set
                0x0000000008001ea8       0x44 build/gd32f1x0_gpio.o
                0x0000000008001ea8                gpio_mode_set
 .text.gpio_output_options_set
                0x0000000008001eec       0x38 build/gd32f1x0_gpio.o
                0x0000000008001eec                gpio_output_options_set
 .text.gpio_bit_set
                0x0000000008001f24        0x4 build/gd32f1x0_gpio.o
                0x0000000008001f24                gpio_bit_set
 .text.gpio_bit_reset
                0x0000000008001f28        0x4 build/gd32f1x0_gpio.o
                0x0000000008001f28                gpio_bit_reset
 .text.gpio_input_bit_get
                0x0000000008001f2c        0xc build/gd32f1x0_gpio.o
                0x0000000008001f2c                gpio_input_bit_get
 .text.gpio_af_set
                0x0000000008001f38       0x60 build/gd32f1x0_gpio.o
                0x0000000008001f38                gpio_af_set
 .text.i2c_clock_config
                0x0000000008001f98       0xb4 build/gd32f1x0_i2c.o
                0x0000000008001f98                i2c_clock_config
 .text.i2c_mode_addr_config
                0x000000000800204c       0x12 build/gd32f1x0_i2c.o
                0x000000000800204c                i2c_mode_addr_config
 .text.i2c_ack_config
                0x000000000800205e       0x12 build/gd32f1x0_i2c.o
                0x000000000800205e                i2c_ack_config
 .text.i2c_ackpos_config
                0x0000000008002070       0x12 build/gd32f1x0_i2c.o
                0x0000000008002070                i2c_ackpos_config
 .text.i2c_master_addressing
                0x0000000008002082       0x10 build/gd32f1x0_i2c.o
                0x0000000008002082                i2c_master_addressing
 .text.i2c_enable
                0x0000000008002092        0xa build/gd32f1x0_i2c.o
                0x0000000008002092                i2c_enable
 .text.i2c_start_on_bus
                0x000000000800209c        0xa build/gd32f1x0_i2c.o
                0x000000000800209c                i2c_start_on_bus
 .text.i2c_stop_on_bus
                0x00000000080020a6        0xa build/gd32f1x0_i2c.o
                0x00000000080020a6                i2c_stop_on_bus
 .text.i2c_data_transmit
                0x00000000080020b0        0x4 build/gd32f1x0_i2c.o
                0x00000000080020b0                i2c_data_transmit
 .text.i2c_data_receive
                0x00000000080020b4        0x6 build/gd32f1x0_i2c.o
                0x00000000080020b4                i2c_data_receive
 .text.i2c_flag_get
                0x00000000080020ba       0x14 build/gd32f1x0_i2c.o
                0x00000000080020ba                i2c_flag_get
 .text.i2c_flag_clear
                0x00000000080020ce       0x10 build/gd32f1x0_i2c.o
                0x00000000080020ce                i2c_flag_clear
 .text.i2c_interrupt_enable
                0x00000000080020de        0x8 build/gd32f1x0_i2c.o
                0x00000000080020de                i2c_interrupt_enable
 .text.i2c_interrupt_disable
                0x00000000080020e6        0xa build/gd32f1x0_i2c.o
                0x00000000080020e6                i2c_interrupt_disable
 .text.i2c_interrupt_flag_get
                0x00000000080020f0       0x36 build/gd32f1x0_i2c.o
                0x00000000080020f0                i2c_interrupt_flag_get
 .text.i2c_interrupt_flag_clear
                0x0000000008002126        0x4 build/gd32f1x0_i2c.o
                0x0000000008002126                i2c_interrupt_flag_clear
 *fill*         0x000000000800212a        0x2 
 .text.nvic_priority_group_set
                0x000000000800212c       0x14 build/gd32f1x0_misc.o
                0x000000000800212c                nvic_priority_group_set
 .text.nvic_irq_enable
                0x0000000008002140       0x98 build/gd32f1x0_misc.o
                0x0000000008002140                nvic_irq_enable
 .text.rcu_periph_clock_enable
                0x00000000080021d8       0x1c build/gd32f1x0_rcu.o
                0x00000000080021d8                rcu_periph_clock_enable
 .text.rcu_periph_clock_disable
                0x00000000080021f4       0x1e build/gd32f1x0_rcu.o
                0x00000000080021f4                rcu_periph_clock_disable
 .text.rcu_periph_reset_enable
                0x0000000008002212        0x4 build/gd32f1x0_rcu.o
                0x0000000008002212                rcu_periph_reset_enable
 .text.rcu_periph_reset_disable
                0x0000000008002216        0x4 build/gd32f1x0_rcu.o
                0x0000000008002216                rcu_periph_reset_disable
 *fill*         0x000000000800221a        0x2 
 .text.rcu_clock_freq_get
                0x000000000800221c      0x140 build/gd32f1x0_rcu.o
                0x000000000800221c                rcu_clock_freq_get
 .text.usart_deinit
                0x000000000800235c       0x38 build/gd32f1x0_usart.o
                0x000000000800235c                usart_deinit
 .text.usart_baudrate_set
                0x0000000008002394       0x54 build/gd32f1x0_usart.o
                0x0000000008002394                usart_baudrate_set
 .text.usart_enable
                0x00000000080023e8        0xa build/gd32f1x0_usart.o
                0x00000000080023e8                usart_enable
 .text.usart_transmit_config
                0x00000000080023f2       0x10 build/gd32f1x0_usart.o
                0x00000000080023f2                usart_transmit_config
 .text.usart_receive_config
                0x0000000008002402       0x10 build/gd32f1x0_usart.o
                0x0000000008002402                usart_receive_config
 .text.usart_oversample_config
                0x0000000008002412       0x18 build/gd32f1x0_usart.o
                0x0000000008002412                usart_oversample_config
 .text.usart_sample_bit_config
                0x000000000800242a       0x18 build/gd32f1x0_usart.o
                0x000000000800242a                usart_sample_bit_config
 .text.usart_dma_receive_config
                0x0000000008002442       0x10 build/gd32f1x0_usart.o
                0x0000000008002442                usart_dma_receive_config
 .text.usart_dma_transmit_config
                0x0000000008002452       0x10 build/gd32f1x0_usart.o
                0x0000000008002452                usart_dma_transmit_config
 .text.usart_flag_clear
                0x0000000008002462       0x10 build/gd32f1x0_usart.o
                0x0000000008002462                usart_flag_clear
 .text.usart_interrupt_enable
                0x0000000008002472       0x18 build/gd32f1x0_usart.o
                0x0000000008002472                usart_interrupt_enable
 .text.usart_interrupt_flag_get
                0x000000000800248a       0x2c build/gd32f1x0_usart.o
                0x000000000800248a                usart_interrupt_flag_get
 *fill*         0x00000000080024b6        0x2 
 .text.SystemInit
                0x00000000080024b8       0xac build/system_gd32f1x0.o
                0x00000000080024b8                SystemInit
 .text.startup.main
                0x0000000008002564       0x4c build/main.o
                0x0000000008002564                main
 .text.consoleLog
                0x00000000080025b0        0x2 build/util.o
                0x00000000080025b0                consoleLog
 *fill*         0x00000000080025b2        0x2 
 .text.intro_demo_led
                0x00000000080025b4       0xd0 build/util.o
                0x00000000080025b4                intro_demo_led
 .text.input_init
                0x0000000008002684       0x58 build/util.o
                0x0000000008002684                input_init
 .text.handle_mpu6050
                0x00000000080026dc       0x34 build/util.o
                0x00000000080026dc                handle_mpu6050
 .text.handle_sensors
                0x0000000008002710       0x94 build/util.o
                0x0000000008002710                handle_sensors
 .text.handle_usart
                0x00000000080027a4      0x16c build/util.o
                0x00000000080027a4                handle_usart
 .text.handle_leds
                0x0000000008002910       0xa0 build/util.o
                0x0000000008002910                handle_leds
 .text.usart_process_data
                0x00000000080029b0       0x58 build/util.o
                0x00000000080029b0                usart_process_data
 .text.usart1_rx_check
                0x0000000008002a08       0x84 build/util.o
                0x0000000008002a08                usart1_rx_check
 .text.usart0_rx_check
                0x0000000008002a8c        0x2 build/util.o
                0x0000000008002a8c                usart0_rx_check
 *fill*         0x0000000008002a8e        0x2 
 .text.i2c_writeBytes
                0x0000000008002a90       0x90 build/util.o
                0x0000000008002a90                i2c_writeBytes
 .text.i2c_readBytes
                0x0000000008002b20       0xa0 build/util.o
                0x0000000008002b20                i2c_readBytes
 .text.i2c_readByte
                0x0000000008002bc0        0x8 build/util.o
                0x0000000008002bc0                i2c_readByte
 .text.systick_config
                0x0000000008002bc8       0x3c build/systick.o
                0x0000000008002bc8                systick_config
 .text.delay_1ms
                0x0000000008002c04       0x10 build/systick.o
                0x0000000008002c04                delay_1ms
 .text.delay_decrement
                0x0000000008002c14       0x14 build/systick.o
                0x0000000008002c14                delay_decrement
 .text.tick_count_increment
                0x0000000008002c28       0x10 build/systick.o
                0x0000000008002c28                tick_count_increment
 .text.get_tick_count_ms
                0x0000000008002c38        0xc build/systick.o
                0x0000000008002c38                get_tick_count_ms
 .text.mpu_tap_func
                0x0000000008002c44       0x44 build/mpu6050.o
                0x0000000008002c44                mpu_tap_func
 .text.mpu_android_orient_func
                0x0000000008002c88       0x30 build/mpu6050.o
                0x0000000008002c88                mpu_android_orient_func
 .text.set_int_enable.isra.0
                0x0000000008002cb8       0x4c build/mpu6050.o
 .text.mpu_get_temperature
                0x0000000008002d04       0x80 build/mpu6050.o
                0x0000000008002d04                mpu_get_temperature
 .text.mpu_reset_fifo
                0x0000000008002d84      0x16c build/mpu6050.o
                0x0000000008002d84                mpu_reset_fifo
 .text.mpu_set_gyro_fsr
                0x0000000008002ef0       0x70 build/mpu6050.o
                0x0000000008002ef0                mpu_set_gyro_fsr
 .text.mpu_get_accel_fsr
                0x0000000008002f60       0x38 build/mpu6050.o
                0x0000000008002f60                mpu_get_accel_fsr
 .text.mpu_set_accel_fsr
                0x0000000008002f98       0x68 build/mpu6050.o
                0x0000000008002f98                mpu_set_accel_fsr
 .text.mpu_set_lpf
                0x0000000008003000       0x6c build/mpu6050.o
                0x0000000008003000                mpu_set_lpf
 .text.mpu_configure_fifo
                0x000000000800306c       0x4c build/mpu6050.o
                0x000000000800306c                mpu_configure_fifo
 .text.mpu_read_fifo
                0x00000000080030b8      0x1a0 build/mpu6050.o
                0x00000000080030b8                mpu_read_fifo
 .text.mpu_read_fifo_stream
                0x0000000008003258       0x98 build/mpu6050.o
                0x0000000008003258                mpu_read_fifo_stream
 .text.mpu_set_bypass
                0x00000000080032f0       0xe8 build/mpu6050.o
                0x00000000080032f0                mpu_set_bypass
 .text.mpu_set_int_latched
                0x00000000080033d8       0x64 build/mpu6050.o
                0x00000000080033d8                mpu_set_int_latched
 .text.mpu_lp_accel_mode
                0x000000000800343c       0xb0 build/mpu6050.o
                0x000000000800343c                mpu_lp_accel_mode
 .text.mpu_set_sample_rate
                0x00000000080034ec       0x80 build/mpu6050.o
                0x00000000080034ec                mpu_set_sample_rate
 .text.mpu_set_sensors
                0x000000000800356c       0xc0 build/mpu6050.o
                0x000000000800356c                mpu_set_sensors
 .text.mpu_init
                0x000000000800362c       0xb4 build/mpu6050.o
                0x000000000800362c                mpu_init
 .text.mpu_write_mem
                0x00000000080036e0       0x60 build/mpu6050.o
                0x00000000080036e0                mpu_write_mem
 .text.mpu_read_mem
                0x0000000008003740       0x60 build/mpu6050.o
                0x0000000008003740                mpu_read_mem
 .text.mpu_load_firmware
                0x00000000080037a0       0xa0 build/mpu6050.o
                0x00000000080037a0                mpu_load_firmware
 .text.mpu_set_dmp_state
                0x0000000008003840       0x7c build/mpu6050.o
                0x0000000008003840                mpu_set_dmp_state
 .text.inv_row_2_scale
                0x00000000080038bc       0x3a build/mpu6050.o
                0x00000000080038bc                inv_row_2_scale
 .text.inv_orientation_matrix_to_scalar
                0x00000000080038f6       0x26 build/mpu6050.o
                0x00000000080038f6                inv_orientation_matrix_to_scalar
 .text.mpu_config
                0x000000000800391c       0xac build/mpu6050.o
                0x000000000800391c                mpu_config
 .text.mpu_calc_euler_angles
                0x00000000080039c8      0x1b8 build/mpu6050.o
                0x00000000080039c8                mpu_calc_euler_angles
 .text.mpu_get_data
                0x0000000008003b80      0x168 build/mpu6050.o
                0x0000000008003b80                mpu_get_data
 .text.dmp_enable_gyro_cal.part.0
                0x0000000008003ce8       0x28 build/mpu6050_dmp.o
 .text.dmp_load_motion_driver_firmware
                0x0000000008003d10       0x14 build/mpu6050_dmp.o
                0x0000000008003d10                dmp_load_motion_driver_firmware
 .text.dmp_set_orientation
                0x0000000008003d24      0x140 build/mpu6050_dmp.o
                0x0000000008003d24                dmp_set_orientation
 .text.dmp_set_fifo_rate
                0x0000000008003e64       0x60 build/mpu6050_dmp.o
                0x0000000008003e64                dmp_set_fifo_rate
 .text.dmp_set_tap_thresh
                0x0000000008003ec4      0x144 build/mpu6050_dmp.o
                0x0000000008003ec4                dmp_set_tap_thresh
 .text.dmp_set_tap_axes
                0x0000000008004008       0x4a build/mpu6050_dmp.o
                0x0000000008004008                dmp_set_tap_axes
 .text.dmp_set_tap_count
                0x0000000008004052       0x28 build/mpu6050_dmp.o
                0x0000000008004052                dmp_set_tap_count
 .text.dmp_set_tap_time
                0x000000000800407a       0x24 build/mpu6050_dmp.o
                0x000000000800407a                dmp_set_tap_time
 .text.dmp_set_tap_time_multi
                0x000000000800409e       0x24 build/mpu6050_dmp.o
                0x000000000800409e                dmp_set_tap_time_multi
 .text.dmp_set_shake_reject_thresh
                0x00000000080040c2       0x34 build/mpu6050_dmp.o
                0x00000000080040c2                dmp_set_shake_reject_thresh
 .text.dmp_set_shake_reject_time
                0x00000000080040f6       0x24 build/mpu6050_dmp.o
                0x00000000080040f6                dmp_set_shake_reject_time
 .text.dmp_set_shake_reject_timeout
                0x000000000800411a       0x24 build/mpu6050_dmp.o
                0x000000000800411a                dmp_set_shake_reject_timeout
 *fill*         0x000000000800413e        0x2 
 .text.dmp_enable_gyro_cal
                0x0000000008004140       0x34 build/mpu6050_dmp.o
                0x0000000008004140                dmp_enable_gyro_cal
 .text.dmp_enable_lp_quat
                0x0000000008004174       0x3a build/mpu6050_dmp.o
                0x0000000008004174                dmp_enable_lp_quat
 .text.dmp_enable_6x_lp_quat
                0x00000000080041ae       0x3a build/mpu6050_dmp.o
                0x00000000080041ae                dmp_enable_6x_lp_quat
 .text.dmp_enable_feature
                0x00000000080041e8      0x1d4 build/mpu6050_dmp.o
                0x00000000080041e8                dmp_enable_feature
 .text.dmp_read_fifo
                0x00000000080043bc      0x1b0 build/mpu6050_dmp.o
                0x00000000080043bc                dmp_read_fifo
 .text.dmp_register_tap_cb
                0x000000000800456c        0xc build/mpu6050_dmp.o
                0x000000000800456c                dmp_register_tap_cb
 .text.dmp_register_android_orient_cb
                0x0000000008004578        0xc build/mpu6050_dmp.o
                0x0000000008004578                dmp_register_android_orient_cb
 .text.gpio_config
                0x0000000008004584      0x1c8 build/setup.o
                0x0000000008004584                gpio_config
 .text.usart_config
                0x000000000800474c       0xcc build/setup.o
                0x000000000800474c                usart_config
 .text.usart_Tx_DMA_config
                0x0000000008004818       0x90 build/setup.o
                0x0000000008004818                usart_Tx_DMA_config
 .text.usart_Rx_DMA_config
                0x00000000080048a8       0x90 build/setup.o
                0x00000000080048a8                usart_Rx_DMA_config
 .text.i2c_config
                0x0000000008004938       0x38 build/setup.o
                0x0000000008004938                i2c_config
 .text.usart_nvic_config
                0x0000000008004970       0x1a build/setup.o
                0x0000000008004970                usart_nvic_config
 .text.i2c_nvic_config
                0x000000000800498a       0x22 build/setup.o
                0x000000000800498a                i2c_nvic_config
 .text.I2C0_EventIRQ_Handler
                0x00000000080049ac      0x1b8 build/i2c_it.o
                0x00000000080049ac                I2C0_EventIRQ_Handler
 .text.I2C0_ErrorIRQ_Handler
                0x0000000008004b64       0xb0 build/i2c_it.o
                0x0000000008004b64                I2C0_ErrorIRQ_Handler
 .text.NMI_Handler
                0x0000000008004c14        0x2 build/gd32f1x0_it.o
                0x0000000008004c14                NMI_Handler
 .text.HardFault_Handler
                0x0000000008004c16        0x2 build/gd32f1x0_it.o
                0x0000000008004c16                HardFault_Handler
 .text.MemManage_Handler
                0x0000000008004c18        0x2 build/gd32f1x0_it.o
                0x0000000008004c18                MemManage_Handler
 .text.BusFault_Handler
                0x0000000008004c1a        0x2 build/gd32f1x0_it.o
                0x0000000008004c1a                BusFault_Handler
 .text.UsageFault_Handler
                0x0000000008004c1c        0x2 build/gd32f1x0_it.o
                0x0000000008004c1c                UsageFault_Handler
 .text.SVC_Handler
                0x0000000008004c1e        0x2 build/gd32f1x0_it.o
                0x0000000008004c1e                SVC_Handler
 .text.DebugMon_Handler
                0x0000000008004c20        0x2 build/gd32f1x0_it.o
                0x0000000008004c20                DebugMon_Handler
 .text.PendSV_Handler
                0x0000000008004c22        0x2 build/gd32f1x0_it.o
                0x0000000008004c22                PendSV_Handler
 .text.SysTick_Handler
                0x0000000008004c24        0xe build/gd32f1x0_it.o
                0x0000000008004c24                SysTick_Handler
 *fill*         0x0000000008004c32        0x2 
 .text.USART0_IRQHandler
                0x0000000008004c34       0x28 build/gd32f1x0_it.o
                0x0000000008004c34                USART0_IRQHandler
 .text.USART1_IRQHandler
                0x0000000008004c5c       0x28 build/gd32f1x0_it.o
                0x0000000008004c5c                USART1_IRQHandler
 .text.I2C0_EV_IRQHandler
                0x0000000008004c84        0x4 build/gd32f1x0_it.o
                0x0000000008004c84                I2C0_EV_IRQHandler
 .text.I2C0_ER_IRQHandler
                0x0000000008004c88        0x4 build/gd32f1x0_it.o
                0x0000000008004c88                I2C0_ER_IRQHandler
 .text.Reset_Handler
                0x0000000008004c8c       0x44 build/startup_gd32f1x0.o
                0x0000000008004c8c                Reset_Handler
 .text.Default_Handler
                0x0000000008004cd0        0x2 build/startup_gd32f1x0.o
                0x0000000008004cd0                TIMER2_IRQHandler
                0x0000000008004cd0                LVD_IRQHandler
                0x0000000008004cd0                USBDWakeUp_IRQHandler
                0x0000000008004cd0                TSI_IRQHandler
                0x0000000008004cd0                TIMER15_IRQHandler
                0x0000000008004cd0                TIMER5_DAC_IRQHandler
                0x0000000008004cd0                I2C2_EV_IRQHandler
                0x0000000008004cd0                CAN1_RX0_IRQHandler
                0x0000000008004cd0                ADC_CMP_IRQHandler
                0x0000000008004cd0                SPI1_IRQHandler
                0x0000000008004cd0                DMA_Channel3_4_IRQHandler
                0x0000000008004cd0                TIMER14_IRQHandler
                0x0000000008004cd0                TIMER16_IRQHandler
                0x0000000008004cd0                EXTI2_3_IRQHandler
                0x0000000008004cd0                RTC_IRQHandler
                0x0000000008004cd0                CAN0_SCE_IRQHandler
                0x0000000008004cd0                CAN1_RX1_IRQHandler
                0x0000000008004cd0                USBD_LP_IRQHandler
                0x0000000008004cd0                TIMER1_IRQHandler
                0x0000000008004cd0                TIMER13_IRQHandler
                0x0000000008004cd0                I2C1_EV_IRQHandler
                0x0000000008004cd0                EXTI4_15_IRQHandler
                0x0000000008004cd0                Default_Handler
                0x0000000008004cd0                CEC_IRQHandler
                0x0000000008004cd0                CAN0_TX_IRQHandler
                0x0000000008004cd0                USBD_HP_IRQHandler
                0x0000000008004cd0                DMA_Channel5_6_IRQHandler
                0x0000000008004cd0                TIMER0_BRK_UP_TRG_COM_IRQHandler
                0x0000000008004cd0                EXTI0_1_IRQHandler
                0x0000000008004cd0                SPI2_IRQHandler
                0x0000000008004cd0                CAN1_TX_IRQHandler
                0x0000000008004cd0                DMA_Channel1_2_IRQHandler
                0x0000000008004cd0                CAN0_RX1_IRQHandler
                0x0000000008004cd0                WWDG_IRQHandler
                0x0000000008004cd0                TIMER0_Channel_IRQHandler
                0x0000000008004cd0                SPI0_IRQHandler
                0x0000000008004cd0                CAN0_RX0_IRQHandler
                0x0000000008004cd0                I2C2_ER_IRQHandler
                0x0000000008004cd0                DMA_Channel0_IRQHandler
                0x0000000008004cd0                CAN1_SCE_IRQHandler
                0x0000000008004cd0                I2C1_ER_IRQHandler
                0x0000000008004cd0                FMC_IRQHandler
                0x0000000008004cd0                SLCD_IRQHandler
 *(.glue_7)
 .glue_7        0x0000000008004cd2        0x0 linker stubs
 *(.glue_7t)
 .glue_7t       0x0000000008004cd2        0x0 linker stubs
 *(.eh_frame)
 *fill*         0x0000000008004cd2        0x2 
 .eh_frame      0x0000000008004cd4        0x0 /usr/lib/gcc/arm-none-eabi/10.3.1/thumb/v7-m/nofp/crtbegin.o
 *(.init)
 .init          0x0000000008004cd4        0x4 /usr/lib/gcc/arm-none-eabi/10.3.1/thumb/v7-m/nofp/crti.o
                0x0000000008004cd4                _init
 .init          0x0000000008004cd8        0x8 /usr/lib/gcc/arm-none-eabi/10.3.1/thumb/v7-m/nofp/crtn.o
 *(.fini)
 .fini          0x0000000008004ce0        0x4 /usr/lib/gcc/arm-none-eabi/10.3.1/thumb/v7-m/nofp/crti.o
                0x0000000008004ce0                _fini
 .fini          0x0000000008004ce4        0x8 /usr/lib/gcc/arm-none-eabi/10.3.1/thumb/v7-m/nofp/crtn.o
                0x0000000008004cec                . = ALIGN (0x4)
                0x0000000008004cec                _etext = .

.vfp11_veneer   0x0000000008004cec        0x0
 .vfp11_veneer  0x0000000008004cec        0x0 linker stubs

.v4_bx          0x0000000008004cec        0x0
 .v4_bx         0x0000000008004cec        0x0 linker stubs

.iplt           0x0000000008004cec        0x0
 .iplt          0x0000000008004cec        0x0 /usr/lib/gcc/arm-none-eabi/10.3.1/thumb/v7-m/nofp/crtbegin.o

.rodata         0x0000000008004cf0      0xdd0
                0x0000000008004cf0                . = ALIGN (0x4)
 *(.rodata)
 .rodata        0x0000000008004cf0       0x18 build/gd32f1x0_rcu.o
 .rodata        0x0000000008004d08       0x30 /usr/lib/gcc/arm-none-eabi/10.3.1/../../../arm-none-eabi/lib/thumb/v7-m/nofp/libm.a(lib_a-e_atan2.o)
 .rodata        0x0000000008004d38       0x40 /usr/lib/gcc/arm-none-eabi/10.3.1/../../../arm-none-eabi/lib/thumb/v7-m/nofp/libm.a(lib_a-s_atan.o)
 *(.rodata*)
 .rodata.mpu_tap_func.str1.1
                0x0000000008004d78       0x30 build/mpu6050.o
 .rodata.mpu_android_orient_func.str1.1
                0x0000000008004da8       0x21 build/mpu6050.o
                                         0x38 (size before relaxing)
 .rodata.mpu_config.str1.1
                0x0000000008004dc9       0x4a build/mpu6050.o
 *fill*         0x0000000008004e13        0x1 
 .rodata.hw     0x0000000008004e14        0xc build/mpu6050.o
                0x0000000008004e14                hw
 .rodata.reg    0x0000000008004e20       0x1e build/mpu6050.o
                0x0000000008004e20                reg
 *fill*         0x0000000008004e3e        0x2 
 .rodata.test   0x0000000008004e40       0x28 build/mpu6050.o
                0x0000000008004e40                test
 .rodata.dmp_enable_gyro_cal.part.0.str1.1
                0x0000000008004e68        0xa build/mpu6050_dmp.o
 .rodata.dmp_set_orientation.str1.1
                0x0000000008004e72       0x10 build/mpu6050_dmp.o
 .rodata.dmp_set_fifo_rate.str1.1
                0x0000000008004e82        0xd build/mpu6050_dmp.o
 .rodata.dmp_enable_gyro_cal.str1.1
                0x0000000008004e8f        0xa build/mpu6050_dmp.o
 .rodata.dmp_memory
                0x0000000008004e99      0xbf6 build/mpu6050_dmp.o
 *fill*         0x0000000008005a8f        0x1 
 .rodata.USART_CLK
                0x0000000008005a90        0x4 build/setup.o
 .rodata.USART_RDATA_ADDRESS
                0x0000000008005a94        0x8 build/setup.o
 .rodata.USART_RX_DMA_CH
                0x0000000008005a9c        0x2 build/setup.o
 *fill*         0x0000000008005a9e        0x2 
 .rodata.USART_RX_PIN
                0x0000000008005aa0        0x8 build/setup.o
 .rodata.USART_TDATA_ADDRESS
                0x0000000008005aa8        0x8 build/setup.o
 .rodata.USART_TX_DMA_CH
                0x0000000008005ab0        0x2 build/setup.o
 *fill*         0x0000000008005ab2        0x2 
 .rodata.USART_TX_PIN
                0x0000000008005ab4        0x8 build/setup.o
 .rodata.str1.4
                0x0000000008005abc        0x1 /usr/lib/gcc/arm-none-eabi/10.3.1/../../../arm-none-eabi/lib/thumb/v7-m/nofp/libm.a(lib_a-w_asin.o)
                0x0000000008005ac0                . = ALIGN (0x4)
 *fill*         0x0000000008005abd        0x3 

.rel.dyn        0x0000000008005ac0        0x0
 .rel.iplt      0x0000000008005ac0        0x0 /usr/lib/gcc/arm-none-eabi/10.3.1/thumb/v7-m/nofp/crtbegin.o

.ARM.extab
 *(.ARM.extab* .gnu.linkonce.armextab.*)

.ARM            0x0000000008005ac0        0x0
                0x0000000008005ac0                __exidx_start = .
 *(.ARM.exidx*)
                0x0000000008005ac0                __exidx_end = .

.preinit_array  0x0000000008005ac0        0x0
                0x0000000008005ac0                PROVIDE (__preinit_array_start = .)
 *(.preinit_array*)
                0x0000000008005ac0                PROVIDE (__preinit_array_end = .)

.init_array     0x0000000008005ac0        0x4
                0x0000000008005ac0                PROVIDE (__init_array_start = .)
 *(SORT_BY_NAME(.init_array.*))
 *(.init_array*)
 .init_array    0x0000000008005ac0        0x4 /usr/lib/gcc/arm-none-eabi/10.3.1/thumb/v7-m/nofp/crtbegin.o
                0x0000000008005ac4                PROVIDE (__init_array_end = .)

.fini_array     0x0000000008005ac4        0x4
                0x0000000008005ac4                PROVIDE (__fini_array_start = .)
 *(SORT_BY_NAME(.fini_array.*))
 *(.fini_array*)
 .fini_array    0x0000000008005ac4        0x4 /usr/lib/gcc/arm-none-eabi/10.3.1/thumb/v7-m/nofp/crtbegin.o
                0x0000000008005ac8                PROVIDE (__fini_array_end = .)
                0x0000000008005ac8                _sidata = LOADADDR (.data)

.data           0x0000000020000000       0xa4 load address 0x0000000008005ac8
                0x0000000020000000                . = ALIGN (0x4)
                0x0000000020000000                _sdata = .
 *(.data)
 .data          0x0000000020000000       0x64 /usr/lib/gcc/arm-none-eabi/10.3.1/../../../arm-none-eabi/lib/thumb/v7-m/nofp/libc_nano.a(lib_a-impure.o)
                0x0000000020000000                _impure_ptr
 .data          0x0000000020000064        0x1 /usr/lib/gcc/arm-none-eabi/10.3.1/../../../arm-none-eabi/lib/thumb/v7-m/nofp/libm.a(lib_a-s_lib_ver.o)
                0x0000000020000064                __fdlib_version
 *(.data*)
 *fill*         0x0000000020000065        0x3 
 .data.SystemCoreClock
                0x0000000020000068        0x4 build/system_gd32f1x0.o
                0x0000000020000068                SystemCoreClock
 .data.MPU_ORIENTATION
                0x000000002000006c        0x9 build/mpu6050.o
 *fill*         0x0000000020000075        0x3 
 .data.st       0x0000000020000078       0x2c build/mpu6050.o
                0x00000000200000a4                . = ALIGN (0x4)
                0x00000000200000a4                _edata = .

.tm_clone_table
                0x00000000200000a4        0x0 load address 0x0000000008005b6c
 .tm_clone_table
                0x00000000200000a4        0x0 /usr/lib/gcc/arm-none-eabi/10.3.1/thumb/v7-m/nofp/crtbegin.o
 .tm_clone_table
                0x00000000200000a4        0x0 /usr/lib/gcc/arm-none-eabi/10.3.1/thumb/v7-m/nofp/crtend.o

.igot.plt       0x00000000200000a4        0x0 load address 0x0000000008005b6c
 .igot.plt      0x00000000200000a4        0x0 /usr/lib/gcc/arm-none-eabi/10.3.1/thumb/v7-m/nofp/crtbegin.o
                0x00000000200000a4                . = ALIGN (0x4)

.bss            0x00000000200000a4      0x14c load address 0x0000000008005b6c
                0x00000000200000a4                _sbss = .
                0x00000000200000a4                __bss_start__ = _sbss
 *(.bss)
 .bss           0x00000000200000a4       0x1c /usr/lib/gcc/arm-none-eabi/10.3.1/thumb/v7-m/nofp/crtbegin.o
 *(.bss*)
 .bss.main_loop_counter
                0x00000000200000c0        0x4 build/main.o
                0x00000000200000c0                main_loop_counter
 .bss.Feedback  0x00000000200000c4       0x12 build/util.o
 .bss.FeedbackRaw
                0x00000000200000d6       0x12 build/util.o
 .bss.Sideboard
                0x00000000200000e8        0xe build/util.o
 .bss.i2c_ReadWriteCmd
                0x00000000200000f6        0x1 build/util.o
                0x00000000200000f6                i2c_ReadWriteCmd
 .bss.i2c_nDABytes
                0x00000000200000f7        0x1 build/util.o
                0x00000000200000f7                i2c_nDABytes
 .bss.i2c_nRABytes
                0x00000000200000f8        0x1 build/util.o
                0x00000000200000f8                i2c_nRABytes
 .bss.i2c_regAddress
                0x00000000200000f9        0x1 build/util.o
                0x00000000200000f9                i2c_regAddress
 *fill*         0x00000000200000fa        0x2 
 .bss.i2c_rxbuffer
                0x00000000200000fc        0x4 build/util.o
                0x00000000200000fc                i2c_rxbuffer
 .bss.i2c_slaveAddress
                0x0000000020000100        0x1 build/util.o
                0x0000000020000100                i2c_slaveAddress
 .bss.i2c_status
                0x0000000020000101        0x1 build/util.o
                0x0000000020000101                i2c_status
 *fill*         0x0000000020000102        0x2 
 .bss.i2c_txbuffer
                0x0000000020000104        0x4 build/util.o
                0x0000000020000104                i2c_txbuffer
 .bss.mpuStatus
                0x0000000020000108        0x1 build/util.o
 *fill*         0x0000000020000109        0x3 
 .bss.old_pos.0
                0x000000002000010c        0x4 build/util.o
 .bss.rx1_buffer
                0x0000000020000110       0x40 build/util.o
 .bss.sensor1   0x0000000020000150        0x1 build/util.o
 .bss.sensor1_read
                0x0000000020000151        0x1 build/util.o
 .bss.sensor2   0x0000000020000152        0x1 build/util.o
 .bss.sensor2_read
                0x0000000020000153        0x1 build/util.o
 .bss.sideboard_imu
                0x0000000020000154       0x2a build/util.o
 .bss.timeoutCntSerial1
                0x000000002000017e        0x2 build/util.o
 .bss.timeoutFlagSerial1
                0x0000000020000180        0x1 build/util.o
 *fill*         0x0000000020000181        0x3 
 .bss.delay     0x0000000020000184        0x4 build/systick.o
 .bss.tick_count_ms
                0x0000000020000188        0x4 build/systick.o
 .bss.hal       0x000000002000018c       0x1c build/mpu6050.o
 .bss.mpu       0x00000000200001a8       0x24 build/mpu6050.o
                0x00000000200001a8                mpu
 .bss.quat.1    0x00000000200001cc       0x10 build/mpu6050.o
 .bss.temperature.0
                0x00000000200001dc        0x4 build/mpu6050.o
 .bss.dmp       0x00000000200001e0       0x10 build/mpu6050_dmp.o
 *(COMMON)
                0x00000000200001f0                . = ALIGN (0x4)
                0x00000000200001f0                _ebss = .
                0x00000000200001f0                __bss_end__ = _ebss

._user_heap_stack
                0x00000000200001f0      0x600 load address 0x0000000008005b6c
                0x00000000200001f0                . = ALIGN (0x4)
                [!provide]                        PROVIDE (end = .)
                [!provide]                        PROVIDE (_end = .)
                0x00000000200003f0                . = (. + _Min_Heap_Size)
 *fill*         0x00000000200001f0      0x200 
                0x00000000200007f0                . = (. + _Min_Stack_Size)
 *fill*         0x00000000200003f0      0x400 
                0x00000000200007f0                . = ALIGN (0x4)

/DISCARD/
 libc.a(*)
 libm.a(*)
 libgcc.a(*)

.ARM.attributes
                0x0000000000000000       0x29
 *(.ARM.attributes)
 .ARM.attributes
                0x0000000000000000       0x1d /usr/lib/gcc/arm-none-eabi/10.3.1/thumb/v7-m/nofp/crti.o
 .ARM.attributes
                0x000000000000001d       0x2d /usr/lib/gcc/arm-none-eabi/10.3.1/thumb/v7-m/nofp/crtbegin.o
 .ARM.attributes
                0x000000000000004a       0x2d build/gd32f1x0_dma.o
 .ARM.attributes
                0x0000000000000077       0x2d build/gd32f1x0_gpio.o
 .ARM.attributes
                0x00000000000000a4       0x2d build/gd32f1x0_i2c.o
 .ARM.attributes
                0x00000000000000d1       0x2d build/gd32f1x0_misc.o
 .ARM.attributes
                0x00000000000000fe       0x2d build/gd32f1x0_rcu.o
 .ARM.attributes
                0x000000000000012b       0x2d build/gd32f1x0_usart.o
 .ARM.attributes
                0x0000000000000158       0x2d build/system_gd32f1x0.o
 .ARM.attributes
                0x0000000000000185       0x2d build/main.o
 .ARM.attributes
                0x00000000000001b2       0x2d build/util.o
 .ARM.attributes
                0x00000000000001df       0x2d build/systick.o
 .ARM.attributes
                0x000000000000020c       0x2d build/mpu6050.o
 .ARM.attributes
                0x0000000000000239       0x2d build/mpu6050_dmp.o
 .ARM.attributes
                0x0000000000000266       0x2d build/setup.o
 .ARM.attributes
                0x0000000000000293       0x2d build/i2c_it.o
 .ARM.attributes
                0x00000000000002c0       0x2d build/gd32f1x0_it.o
 .ARM.attributes
                0x00000000000002ed       0x21 build/startup_gd32f1x0.o
 .ARM.attributes
                0x000000000000030e       0x2d /usr/lib/gcc/arm-none-eabi/10.3.1/../../../arm-none-eabi/lib/thumb/v7-m/nofp/libc_nano.a(lib_a-impure.o)
 .ARM.attributes
                0x000000000000033b       0x2d /usr/lib/gcc/arm-none-eabi/10.3.1/../../../arm-none-eabi/lib/thumb/v7-m/nofp/libc_nano.a(lib_a-memcmp.o)
 .ARM.attributes
                0x0000000000000368       0x1b /usr/lib/gcc/arm-none-eabi/10.3.1/../../../arm-none-eabi/lib/thumb/v7-m/nofp/libc_nano.a(lib_a-memcpy.o)
 .ARM.attributes
                0x0000000000000383       0x2d /usr/lib/gcc/arm-none-eabi/10.3.1/../../../arm-none-eabi/lib/thumb/v7-m/nofp/libm.a(lib_a-w_asin.o)
 .ARM.attributes
                0x00000000000003b0       0x2d /usr/lib/gcc/arm-none-eabi/10.3.1/../../../arm-none-eabi/lib/thumb/v7-m/nofp/libm.a(lib_a-w_atan2.o)
 .ARM.attributes
                0x00000000000003dd       0x2d /usr/lib/gcc/arm-none-eabi/10.3.1/../../../arm-none-eabi/lib/thumb/v7-m/nofp/libm.a(lib_a-e_asin.o)
 .ARM.attributes
                0x000000000000040a       0x2d /usr/lib/gcc/arm-none-eabi/10.3.1/../../../arm-none-eabi/lib/thumb/v7-m/nofp/libm.a(lib_a-e_atan2.o)
 .ARM.attributes
                0x0000000000000437       0x2d /usr/lib/gcc/arm-none-eabi/10.3.1/../../../arm-none-eabi/lib/thumb/v7-m/nofp/libm.a(lib_a-e_sqrt.o)
 .ARM.attributes
                0x0000000000000464       0x2d /usr/lib/gcc/arm-none-eabi/10.3.1/../../../arm-none-eabi/lib/thumb/v7-m/nofp/libm.a(lib_a-s_atan.o)
 .ARM.attributes
                0x0000000000000491       0x2d /usr/lib/gcc/arm-none-eabi/10.3.1/../../../arm-none-eabi/lib/thumb/v7-m/nofp/libm.a(lib_a-s_fabs.o)
 .ARM.attributes
                0x00000000000004be       0x2d /usr/lib/gcc/arm-none-eabi/10.3.1/../../../arm-none-eabi/lib/thumb/v7-m/nofp/libm.a(lib_a-s_lib_ver.o)
 .ARM.attributes
                0x00000000000004eb       0x2d /usr/lib/gcc/arm-none-eabi/10.3.1/../../../arm-none-eabi/lib/thumb/v7-m/nofp/libm.a(lib_a-s_nan.o)
 .ARM.attributes
                0x0000000000000518       0x1d /usr/lib/gcc/arm-none-eabi/10.3.1/thumb/v7-m/nofp/libgcc.a(_arm_addsubdf3.o)
 .ARM.attributes
                0x0000000000000535       0x1d /usr/lib/gcc/arm-none-eabi/10.3.1/thumb/v7-m/nofp/libgcc.a(_arm_muldivdf3.o)
 .ARM.attributes
                0x0000000000000552       0x1d /usr/lib/gcc/arm-none-eabi/10.3.1/thumb/v7-m/nofp/libgcc.a(_arm_cmpdf2.o)
 .ARM.attributes
                0x000000000000056f       0x1d /usr/lib/gcc/arm-none-eabi/10.3.1/thumb/v7-m/nofp/libgcc.a(_arm_unorddf2.o)
 .ARM.attributes
                0x000000000000058c       0x1d /usr/lib/gcc/arm-none-eabi/10.3.1/thumb/v7-m/nofp/libgcc.a(_arm_fixdfsi.o)
 .ARM.attributes
                0x00000000000005a9       0x1d /usr/lib/gcc/arm-none-eabi/10.3.1/thumb/v7-m/nofp/libgcc.a(_arm_truncdfsf2.o)
 .ARM.attributes
                0x00000000000005c6       0x1d /usr/lib/gcc/arm-none-eabi/10.3.1/thumb/v7-m/nofp/libgcc.a(_arm_addsubsf3.o)
 .ARM.attributes
                0x00000000000005e3       0x1d /usr/lib/gcc/arm-none-eabi/10.3.1/thumb/v7-m/nofp/libgcc.a(_arm_muldivsf3.o)
 .ARM.attributes
                0x0000000000000600       0x1d /usr/lib/gcc/arm-none-eabi/10.3.1/thumb/v7-m/nofp/libgcc.a(_arm_fixsfsi.o)
 .ARM.attributes
                0x000000000000061d       0x1d /usr/lib/gcc/arm-none-eabi/10.3.1/thumb/v7-m/nofp/libgcc.a(_arm_fixunssfsi.o)
 .ARM.attributes
                0x000000000000063a       0x2d /usr/lib/gcc/arm-none-eabi/10.3.1/../../../arm-none-eabi/lib/thumb/v7-m/nofp/libc_nano.a(lib_a-errno.o)
 .ARM.attributes
                0x0000000000000667       0x2d /usr/lib/gcc/arm-none-eabi/10.3.1/thumb/v7-m/nofp/crtend.o
 .ARM.attributes
                0x0000000000000694       0x1d /usr/lib/gcc/arm-none-eabi/10.3.1/thumb/v7-m/nofp/crtn.o
OUTPUT(build/firmware.elf elf32-littlearm)
LOAD linker stubs
LOAD /usr/lib/gcc/arm-none-eabi/10.3.1/../../../arm-none-eabi/lib/thumb/v7-m/nofp/libc.a
LOAD /usr/lib/gcc/arm-none-eabi/10.3.1/../../../arm-none-eabi/lib/thumb/v7-m/nofp/libm.a
LOAD /usr/lib/gcc/arm-none-eabi/10.3.1/thumb/v7-m/nofp/libgcc.a

.comment        0x0000000000000000       0x33
 .comment       0x0000000000000000       0x33 /usr/lib/gcc/arm-none-eabi/10.3.1/thumb/v7-m/nofp/crtbegin.o
                                         0x34 (size before relaxing)
 .comment       0x0000000000000033       0x34 build/gd32f1x0_dma.o
 .comment       0x0000000000000033       0x34 build/gd32f1x0_gpio.o
 .comment       0x0000000000000033       0x34 build/gd32f1x0_i2c.o
 .comment       0x0000000000000033       0x34 build/gd32f1x0_misc.o
 .comment       0x0000000000000033       0x34 build/gd32f1x0_rcu.o
 .comment       0x0000000000000033       0x34 build/gd32f1x0_usart.o
 .comment       0x0000000000000033       0x34 build/system_gd32f1x0.o
 .comment       0x0000000000000033       0x34 build/main.o
 .comment       0x0000000000000033       0x34 build/util.o
 .comment       0x0000000000000033       0x34 build/systick.o
 .comment       0x0000000000000033       0x34 build/mpu6050.o
 .comment       0x0000000000000033       0x34 build/mpu6050_dmp.o
 .comment       0x0000000000000033       0x34 build/setup.o
 .comment       0x0000000000000033       0x34 build/i2c_it.o
 .comment       0x0000000000000033       0x34 build/gd32f1x0_it.o
 .comment       0x0000000000000033       0x34 /usr/lib/gcc/arm-none-eabi/10.3.1/../../../arm-none-eabi/lib/thumb/v7-m/nofp/libc_nano.a(lib_a-impure.o)
 .comment       0x0000000000000033       0x34 /usr/lib/gcc/arm-none-eabi/10.3.1/../../../arm-none-eabi/lib/thumb/v7-m/nofp/libc_nano.a(lib_a-memcmp.o)
 .comment       0x0000000000000033       0x34 /usr/lib/gcc/arm-none-eabi/10.3.1/../../../arm-none-eabi/lib/thumb/v7-m/nofp/libm.a(lib_a-w_asin.o)
 .comment       0x0000000000000033       0x34 /usr/lib/gcc/arm-none-eabi/10.3.1/../../../arm-none-eabi/lib/thumb/v7-m/nofp/libm.a(lib_a-w_atan2.o)
 .comment       0x0000000000000033       0x34 /usr/lib/gcc/arm-none-eabi/10.3.1/../../../arm-none-eabi/lib/thumb/v7-m/nofp/libm.a(lib_a-e_asin.o)
 .comment       0x0000000000000033       0x34 /usr/lib/gcc/arm-none-eabi/10.3.1/../../../arm-none-eabi/lib/thumb/v7-m/nofp/libm.a(lib_a-e_atan2.o)
 .comment       0x0000000000000033       0x34 /usr/lib/gcc/arm-none-eabi/10.3.1/../../../arm-none-eabi/lib/thumb/v7-m/nofp/libm.a(lib_a-e_sqrt.o)
 .comment       0x0000000000000033       0x34 /usr/lib/gcc/arm-none-eabi/10.3.1/../../../arm-none-eabi/lib/thumb/v7-m/nofp/libm.a(lib_a-s_atan.o)
 .comment       0x0000000000000033       0x34 /usr/lib/gcc/arm-none-eabi/10.3.1/../../../arm-none-eabi/lib/thumb/v7-m/nofp/libm.a(lib_a-s_fabs.o)
 .comment       0x0000000000000033       0x34 /usr/lib/gcc/arm-none-eabi/10.3.1/../../../arm-none-eabi/lib/thumb/v7-m/nofp/libm.a(lib_a-s_lib_ver.o)
 .comment       0x0000000000000033       0x34 /usr/lib/gcc/arm-none-eabi/10.3.1/../../../arm-none-eabi/lib/thumb/v7-m/nofp/libm.a(lib_a-s_nan.o)
 .comment       0x0000000000000033       0x34 /usr/lib/gcc/arm-none-eabi/10.3.1/../../../arm-none-eabi/lib/thumb/v7-m/nofp/libc_nano.a(lib_a-errno.o)
 .comment       0x0000000000000033       0x34 /usr/lib/gcc/arm-none-eabi/10.3.1/thumb/v7-m/nofp/crtend.o

.debug_info     0x0000000000000000     0xf2c7
 .debug_info    0x0000000000000000      0x7e5 build/gd32f1x0_dma.o
 .debug_info    0x00000000000007e5      0x616 build/gd32f1x0_gpio.o
 .debug_info    0x0000000000000dfb      0xa9a build/gd32f1x0_i2c.o
 .debug_info    0x0000000000001895      0x5c5 build/gd32f1x0_misc.o
 .debug_info    0x0000000000001e5a      0xeb3 build/gd32f1x0_rcu.o
 .debug_info    0x0000000000002d0d     0x11ff build/gd32f1x0_usart.o
 .debug_info    0x0000000000003f0c      0x263 build/system_gd32f1x0.o
 .debug_info    0x000000000000416f      0x290 build/main.o
 .debug_info    0x00000000000043ff     0x1575 build/util.o
 .debug_info    0x0000000000005974      0x7b2 build/systick.o
 .debug_info    0x0000000000006126     0x37bf build/mpu6050.o
 .debug_info    0x00000000000098e5     0x150a build/mpu6050_dmp.o
 .debug_info    0x000000000000adef     0x1162 build/setup.o
 .debug_info    0x000000000000bf51      0x632 build/i2c_it.o
 .debug_info    0x000000000000c583      0x41b build/gd32f1x0_it.o
 .debug_info    0x000000000000c99e       0x22 build/startup_gd32f1x0.o
 .debug_info    0x000000000000c9c0      0x863 /usr/lib/gcc/arm-none-eabi/10.3.1/../../../arm-none-eabi/lib/thumb/v7-m/nofp/libc_nano.a(lib_a-impure.o)
 .debug_info    0x000000000000d223      0x138 /usr/lib/gcc/arm-none-eabi/10.3.1/../../../arm-none-eabi/lib/thumb/v7-m/nofp/libc_nano.a(lib_a-memcmp.o)
 .debug_info    0x000000000000d35b       0x26 /usr/lib/gcc/arm-none-eabi/10.3.1/../../../arm-none-eabi/lib/thumb/v7-m/nofp/libc_nano.a(lib_a-memcpy.o)
 .debug_info    0x000000000000d381      0x18a /usr/lib/gcc/arm-none-eabi/10.3.1/../../../arm-none-eabi/lib/thumb/v7-m/nofp/libm.a(lib_a-w_asin.o)
 .debug_info    0x000000000000d50b       0xf9 /usr/lib/gcc/arm-none-eabi/10.3.1/../../../arm-none-eabi/lib/thumb/v7-m/nofp/libm.a(lib_a-w_atan2.o)
 .debug_info    0x000000000000d604      0x63f /usr/lib/gcc/arm-none-eabi/10.3.1/../../../arm-none-eabi/lib/thumb/v7-m/nofp/libm.a(lib_a-e_asin.o)
 .debug_info    0x000000000000dc43      0x33b /usr/lib/gcc/arm-none-eabi/10.3.1/../../../arm-none-eabi/lib/thumb/v7-m/nofp/libm.a(lib_a-e_atan2.o)
 .debug_info    0x000000000000df7e      0x2c6 /usr/lib/gcc/arm-none-eabi/10.3.1/../../../arm-none-eabi/lib/thumb/v7-m/nofp/libm.a(lib_a-e_sqrt.o)
 .debug_info    0x000000000000e244      0x47b /usr/lib/gcc/arm-none-eabi/10.3.1/../../../arm-none-eabi/lib/thumb/v7-m/nofp/libm.a(lib_a-s_atan.o)
 .debug_info    0x000000000000e6bf      0x151 /usr/lib/gcc/arm-none-eabi/10.3.1/../../../arm-none-eabi/lib/thumb/v7-m/nofp/libm.a(lib_a-s_fabs.o)
 .debug_info    0x000000000000e810       0xbb /usr/lib/gcc/arm-none-eabi/10.3.1/../../../arm-none-eabi/lib/thumb/v7-m/nofp/libm.a(lib_a-s_lib_ver.o)
 .debug_info    0x000000000000e8cb       0xd2 /usr/lib/gcc/arm-none-eabi/10.3.1/../../../arm-none-eabi/lib/thumb/v7-m/nofp/libm.a(lib_a-s_nan.o)
 .debug_info    0x000000000000e99d       0x26 /usr/lib/gcc/arm-none-eabi/10.3.1/thumb/v7-m/nofp/libgcc.a(_arm_addsubdf3.o)
 .debug_info    0x000000000000e9c3       0x26 /usr/lib/gcc/arm-none-eabi/10.3.1/thumb/v7-m/nofp/libgcc.a(_arm_muldivdf3.o)
 .debug_info    0x000000000000e9e9       0x26 /usr/lib/gcc/arm-none-eabi/10.3.1/thumb/v7-m/nofp/libgcc.a(_arm_cmpdf2.o)
 .debug_info    0x000000000000ea0f       0x26 /usr/lib/gcc/arm-none-eabi/10.3.1/thumb/v7-m/nofp/libgcc.a(_arm_unorddf2.o)
 .debug_info    0x000000000000ea35       0x26 /usr/lib/gcc/arm-none-eabi/10.3.1/thumb/v7-m/nofp/libgcc.a(_arm_fixdfsi.o)
 .debug_info    0x000000000000ea5b       0x26 /usr/lib/gcc/arm-none-eabi/10.3.1/thumb/v7-m/nofp/libgcc.a(_arm_truncdfsf2.o)
 .debug_info    0x000000000000ea81       0x26 /usr/lib/gcc/arm-none-eabi/10.3.1/thumb/v7-m/nofp/libgcc.a(_arm_addsubsf3.o)
 .debug_info    0x000000000000eaa7       0x26 /usr/lib/gcc/arm-none-eabi/10.3.1/thumb/v7-m/nofp/libgcc.a(_arm_muldivsf3.o)
 .debug_info    0x000000000000eacd       0x26 /usr/lib/gcc/arm-none-eabi/10.3.1/thumb/v7-m/nofp/libgcc.a(_arm_fixsfsi.o)
 .debug_info    0x000000000000eaf3       0x26 /usr/lib/gcc/arm-none-eabi/10.3.1/thumb/v7-m/nofp/libgcc.a(_arm_fixunssfsi.o)
 .debug_info    0x000000000000eb19      0x7ae /usr/lib/gcc/arm-none-eabi/10.3.1/../../../arm-none-eabi/lib/thumb/v7-m/nofp/libc_nano.a(lib_a-errno.o)

.debug_abbrev   0x0000000000000000     0x2d0a
 .debug_abbrev  0x0000000000000000      0x1f2 build/gd32f1x0_dma.o
 .debug_abbrev  0x00000000000001f2      0x207 build/gd32f1x0_gpio.o
 .debug_abbrev  0x00000000000003f9      0x21f build/gd32f1x0_i2c.o
 .debug_abbrev  0x0000000000000618      0x13e build/gd32f1x0_misc.o
 .debug_abbrev  0x0000000000000756      0x2a8 build/gd32f1x0_rcu.o
 .debug_abbrev  0x00000000000009fe      0x23d build/gd32f1x0_usart.o
 .debug_abbrev  0x0000000000000c3b      0x153 build/system_gd32f1x0.o
 .debug_abbrev  0x0000000000000d8e       0xd7 build/main.o
 .debug_abbrev  0x0000000000000e65      0x457 build/util.o
 .debug_abbrev  0x00000000000012bc      0x1e4 build/systick.o
 .debug_abbrev  0x00000000000014a0      0x40a build/mpu6050.o
 .debug_abbrev  0x00000000000018aa      0x2ec build/mpu6050_dmp.o
 .debug_abbrev  0x0000000000001b96      0x1e9 build/setup.o
 .debug_abbrev  0x0000000000001d7f      0x10b build/i2c_it.o
 .debug_abbrev  0x0000000000001e8a      0x152 build/gd32f1x0_it.o
 .debug_abbrev  0x0000000000001fdc       0x12 build/startup_gd32f1x0.o
 .debug_abbrev  0x0000000000001fee      0x151 /usr/lib/gcc/arm-none-eabi/10.3.1/../../../arm-none-eabi/lib/thumb/v7-m/nofp/libc_nano.a(lib_a-impure.o)
 .debug_abbrev  0x000000000000213f       0x8d /usr/lib/gcc/arm-none-eabi/10.3.1/../../../arm-none-eabi/lib/thumb/v7-m/nofp/libc_nano.a(lib_a-memcmp.o)
 .debug_abbrev  0x00000000000021cc       0x14 /usr/lib/gcc/arm-none-eabi/10.3.1/../../../arm-none-eabi/lib/thumb/v7-m/nofp/libc_nano.a(lib_a-memcpy.o)
 .debug_abbrev  0x00000000000021e0      0x10f /usr/lib/gcc/arm-none-eabi/10.3.1/../../../arm-none-eabi/lib/thumb/v7-m/nofp/libm.a(lib_a-w_asin.o)
 .debug_abbrev  0x00000000000022ef       0x89 /usr/lib/gcc/arm-none-eabi/10.3.1/../../../arm-none-eabi/lib/thumb/v7-m/nofp/libm.a(lib_a-w_atan2.o)
 .debug_abbrev  0x0000000000002378      0x16d /usr/lib/gcc/arm-none-eabi/10.3.1/../../../arm-none-eabi/lib/thumb/v7-m/nofp/libm.a(lib_a-e_asin.o)
 .debug_abbrev  0x00000000000024e5      0x170 /usr/lib/gcc/arm-none-eabi/10.3.1/../../../arm-none-eabi/lib/thumb/v7-m/nofp/libm.a(lib_a-e_atan2.o)
 .debug_abbrev  0x0000000000002655      0x155 /usr/lib/gcc/arm-none-eabi/10.3.1/../../../arm-none-eabi/lib/thumb/v7-m/nofp/libm.a(lib_a-e_sqrt.o)
 .debug_abbrev  0x00000000000027aa      0x171 /usr/lib/gcc/arm-none-eabi/10.3.1/../../../arm-none-eabi/lib/thumb/v7-m/nofp/libm.a(lib_a-s_atan.o)
 .debug_abbrev  0x000000000000291b       0xe6 /usr/lib/gcc/arm-none-eabi/10.3.1/../../../arm-none-eabi/lib/thumb/v7-m/nofp/libm.a(lib_a-s_fabs.o)
 .debug_abbrev  0x0000000000002a01       0x6f /usr/lib/gcc/arm-none-eabi/10.3.1/../../../arm-none-eabi/lib/thumb/v7-m/nofp/libm.a(lib_a-s_lib_ver.o)
 .debug_abbrev  0x0000000000002a70       0x7b /usr/lib/gcc/arm-none-eabi/10.3.1/../../../arm-none-eabi/lib/thumb/v7-m/nofp/libm.a(lib_a-s_nan.o)
 .debug_abbrev  0x0000000000002aeb       0x14 /usr/lib/gcc/arm-none-eabi/10.3.1/thumb/v7-m/nofp/libgcc.a(_arm_addsubdf3.o)
 .debug_abbrev  0x0000000000002aff       0x14 /usr/lib/gcc/arm-none-eabi/10.3.1/thumb/v7-m/nofp/libgcc.a(_arm_muldivdf3.o)
 .debug_abbrev  0x0000000000002b13       0x14 /usr/lib/gcc/arm-none-eabi/10.3.1/thumb/v7-m/nofp/libgcc.a(_arm_cmpdf2.o)
 .debug_abbrev  0x0000000000002b27       0x14 /usr/lib/gcc/arm-none-eabi/10.3.1/thumb/v7-m/nofp/libgcc.a(_arm_unorddf2.o)
 .debug_abbrev  0x0000000000002b3b       0x14 /usr/lib/gcc/arm-none-eabi/10.3.1/thumb/v7-m/nofp/libgcc.a(_arm_fixdfsi.o)
 .debug_abbrev  0x0000000000002b4f       0x14 /usr/lib/gcc/arm-none-eabi/10.3.1/thumb/v7-m/nofp/libgcc.a(_arm_truncdfsf2.o)
 .debug_abbrev  0x0000000000002b63       0x14 /usr/lib/gcc/arm-none-eabi/10.3.1/thumb/v7-m/nofp/libgcc.a(_arm_addsubsf3.o)
 .debug_abbrev  0x0000000000002b77       0x14 /usr/lib/gcc/arm-none-eabi/10.3.1/thumb/v7-m/nofp/libgcc.a(_arm_muldivsf3.o)
 .debug_abbrev  0x0000000000002b8b       0x14 /usr/lib/gcc/arm-none-eabi/10.3.1/thumb/v7-m/nofp/libgcc.a(_arm_fixsfsi.o)
 .debug_abbrev  0x0000000000002b9f       0x14 /usr/lib/gcc/arm-none-eabi/10.3.1/thumb/v7-m/nofp/libgcc.a(_arm_fixunssfsi.o)
 .debug_abbrev  0x0000000000002bb3      0x157 /usr/lib/gcc/arm-none-eabi/10.3.1/../../../arm-none-eabi/lib/thumb/v7-m/nofp/libc_nano.a(lib_a-errno.o)

.debug_loc      0x0000000000000000     0x8ae6
 .debug_loc     0x0000000000000000      0x656 build/gd32f1x0_dma.o
 .debug_loc     0x0000000000000656      0x339 build/gd32f1x0_gpio.o
 .debug_loc     0x000000000000098f      0x6a7 build/gd32f1x0_i2c.o
 .debug_loc     0x0000000000001036      0x208 build/gd32f1x0_misc.o
 .debug_loc     0x000000000000123e      0xbde build/gd32f1x0_rcu.o
 .debug_loc     0x0000000000001e1c      0x7ca build/gd32f1x0_usart.o
 .debug_loc     0x00000000000025e6      0x1bc build/system_gd32f1x0.o
 .debug_loc     0x00000000000027a2       0x20 build/main.o
 .debug_loc     0x00000000000027c2      0x972 build/util.o
 .debug_loc     0x0000000000003134       0xc3 build/systick.o
 .debug_loc     0x00000000000031f7     0x2913 build/mpu6050.o
 .debug_loc     0x0000000000005b0a     0x151c build/mpu6050_dmp.o
 .debug_loc     0x0000000000007026      0x42e build/setup.o
 .debug_loc     0x0000000000007454       0xc2 build/i2c_it.o
 .debug_loc     0x0000000000007516       0x9c build/gd32f1x0_it.o
 .debug_loc     0x00000000000075b2      0x1db /usr/lib/gcc/arm-none-eabi/10.3.1/../../../arm-none-eabi/lib/thumb/v7-m/nofp/libc_nano.a(lib_a-memcmp.o)
 .debug_loc     0x000000000000778d       0x46 /usr/lib/gcc/arm-none-eabi/10.3.1/../../../arm-none-eabi/lib/thumb/v7-m/nofp/libm.a(lib_a-w_asin.o)
 .debug_loc     0x00000000000077d3       0x58 /usr/lib/gcc/arm-none-eabi/10.3.1/../../../arm-none-eabi/lib/thumb/v7-m/nofp/libm.a(lib_a-w_atan2.o)
 .debug_loc     0x000000000000782b      0x4b9 /usr/lib/gcc/arm-none-eabi/10.3.1/../../../arm-none-eabi/lib/thumb/v7-m/nofp/libm.a(lib_a-e_asin.o)
 .debug_loc     0x0000000000007ce4      0x506 /usr/lib/gcc/arm-none-eabi/10.3.1/../../../arm-none-eabi/lib/thumb/v7-m/nofp/libm.a(lib_a-e_atan2.o)
 .debug_loc     0x00000000000081ea      0x55a /usr/lib/gcc/arm-none-eabi/10.3.1/../../../arm-none-eabi/lib/thumb/v7-m/nofp/libm.a(lib_a-e_sqrt.o)
 .debug_loc     0x0000000000008744      0x363 /usr/lib/gcc/arm-none-eabi/10.3.1/../../../arm-none-eabi/lib/thumb/v7-m/nofp/libm.a(lib_a-s_atan.o)
 .debug_loc     0x0000000000008aa7       0x1a /usr/lib/gcc/arm-none-eabi/10.3.1/../../../arm-none-eabi/lib/thumb/v7-m/nofp/libm.a(lib_a-s_fabs.o)
 .debug_loc     0x0000000000008ac1       0x25 /usr/lib/gcc/arm-none-eabi/10.3.1/../../../arm-none-eabi/lib/thumb/v7-m/nofp/libm.a(lib_a-s_nan.o)

.debug_aranges  0x0000000000000000      0xe18
 .debug_aranges
                0x0000000000000000       0xe0 build/gd32f1x0_dma.o
 .debug_aranges
                0x00000000000000e0       0x80 build/gd32f1x0_gpio.o
 .debug_aranges
                0x0000000000000160      0x100 build/gd32f1x0_i2c.o
 .debug_aranges
                0x0000000000000260       0x50 build/gd32f1x0_misc.o
 .debug_aranges
                0x00000000000002b0      0x138 build/gd32f1x0_rcu.o
 .debug_aranges
                0x00000000000003e8      0x238 build/gd32f1x0_usart.o
 .debug_aranges
                0x0000000000000620       0x28 build/system_gd32f1x0.o
 .debug_aranges
                0x0000000000000648       0x20 build/main.o
 .debug_aranges
                0x0000000000000668       0xa8 build/util.o
 .debug_aranges
                0x0000000000000710       0x40 build/systick.o
 .debug_aranges
                0x0000000000000750      0x1f8 build/mpu6050.o
 .debug_aranges
                0x0000000000000948       0xf8 build/mpu6050_dmp.o
 .debug_aranges
                0x0000000000000a40       0x50 build/setup.o
 .debug_aranges
                0x0000000000000a90       0x28 build/i2c_it.o
 .debug_aranges
                0x0000000000000ab8       0x68 build/gd32f1x0_it.o
 .debug_aranges
                0x0000000000000b20       0x28 build/startup_gd32f1x0.o
 .debug_aranges
                0x0000000000000b48       0x18 /usr/lib/gcc/arm-none-eabi/10.3.1/../../../arm-none-eabi/lib/thumb/v7-m/nofp/libc_nano.a(lib_a-impure.o)
 .debug_aranges
                0x0000000000000b60       0x20 /usr/lib/gcc/arm-none-eabi/10.3.1/../../../arm-none-eabi/lib/thumb/v7-m/nofp/libc_nano.a(lib_a-memcmp.o)
 .debug_aranges
                0x0000000000000b80       0x20 /usr/lib/gcc/arm-none-eabi/10.3.1/../../../arm-none-eabi/lib/thumb/v7-m/nofp/libc_nano.a(lib_a-memcpy.o)
 .debug_aranges
                0x0000000000000ba0       0x20 /usr/lib/gcc/arm-none-eabi/10.3.1/../../../arm-none-eabi/lib/thumb/v7-m/nofp/libm.a(lib_a-w_asin.o)
 .debug_aranges
                0x0000000000000bc0       0x20 /usr/lib/gcc/arm-none-eabi/10.3.1/../../../arm-none-eabi/lib/thumb/v7-m/nofp/libm.a(lib_a-w_atan2.o)
 .debug_aranges
                0x0000000000000be0       0x20 /usr/lib/gcc/arm-none-eabi/10.3.1/../../../arm-none-eabi/lib/thumb/v7-m/nofp/libm.a(lib_a-e_asin.o)
 .debug_aranges
                0x0000000000000c00       0x20 /usr/lib/gcc/arm-none-eabi/10.3.1/../../../arm-none-eabi/lib/thumb/v7-m/nofp/libm.a(lib_a-e_atan2.o)
 .debug_aranges
                0x0000000000000c20       0x20 /usr/lib/gcc/arm-none-eabi/10.3.1/../../../arm-none-eabi/lib/thumb/v7-m/nofp/libm.a(lib_a-e_sqrt.o)
 .debug_aranges
                0x0000000000000c40       0x20 /usr/lib/gcc/arm-none-eabi/10.3.1/../../../arm-none-eabi/lib/thumb/v7-m/nofp/libm.a(lib_a-s_atan.o)
 .debug_aranges
                0x0000000000000c60       0x20 /usr/lib/gcc/arm-none-eabi/10.3.1/../../../arm-none-eabi/lib/thumb/v7-m/nofp/libm.a(lib_a-s_fabs.o)
 .debug_aranges
                0x0000000000000c80       0x18 /usr/lib/gcc/arm-none-eabi/10.3.1/../../../arm-none-eabi/lib/thumb/v7-m/nofp/libm.a(lib_a-s_lib_ver.o)
 .debug_aranges
                0x0000000000000c98       0x20 /usr/lib/gcc/arm-none-eabi/10.3.1/../../../arm-none-eabi/lib/thumb/v7-m/nofp/libm.a(lib_a-s_nan.o)
 .debug_aranges
                0x0000000000000cb8       0x20 /usr/lib/gcc/arm-none-eabi/10.3.1/thumb/v7-m/nofp/libgcc.a(_arm_addsubdf3.o)
 .debug_aranges
                0x0000000000000cd8       0x20 /usr/lib/gcc/arm-none-eabi/10.3.1/thumb/v7-m/nofp/libgcc.a(_arm_muldivdf3.o)
 .debug_aranges
                0x0000000000000cf8       0x20 /usr/lib/gcc/arm-none-eabi/10.3.1/thumb/v7-m/nofp/libgcc.a(_arm_cmpdf2.o)
 .debug_aranges
                0x0000000000000d18       0x20 /usr/lib/gcc/arm-none-eabi/10.3.1/thumb/v7-m/nofp/libgcc.a(_arm_unorddf2.o)
 .debug_aranges
                0x0000000000000d38       0x20 /usr/lib/gcc/arm-none-eabi/10.3.1/thumb/v7-m/nofp/libgcc.a(_arm_fixdfsi.o)
 .debug_aranges
                0x0000000000000d58       0x20 /usr/lib/gcc/arm-none-eabi/10.3.1/thumb/v7-m/nofp/libgcc.a(_arm_truncdfsf2.o)
 .debug_aranges
                0x0000000000000d78       0x20 /usr/lib/gcc/arm-none-eabi/10.3.1/thumb/v7-m/nofp/libgcc.a(_arm_addsubsf3.o)
 .debug_aranges
                0x0000000000000d98       0x20 /usr/lib/gcc/arm-none-eabi/10.3.1/thumb/v7-m/nofp/libgcc.a(_arm_muldivsf3.o)
 .debug_aranges
                0x0000000000000db8       0x20 /usr/lib/gcc/arm-none-eabi/10.3.1/thumb/v7-m/nofp/libgcc.a(_arm_fixsfsi.o)
 .debug_aranges
                0x0000000000000dd8       0x20 /usr/lib/gcc/arm-none-eabi/10.3.1/thumb/v7-m/nofp/libgcc.a(_arm_fixunssfsi.o)
 .debug_aranges
                0x0000000000000df8       0x20 /usr/lib/gcc/arm-none-eabi/10.3.1/../../../arm-none-eabi/lib/thumb/v7-m/nofp/libc_nano.a(lib_a-errno.o)

.debug_ranges   0x0000000000000000      0xc18
 .debug_ranges  0x0000000000000000       0xd0 build/gd32f1x0_dma.o
 .debug_ranges  0x00000000000000d0       0x70 build/gd32f1x0_gpio.o
 .debug_ranges  0x0000000000000140       0xf0 build/gd32f1x0_i2c.o
 .debug_ranges  0x0000000000000230       0x40 build/gd32f1x0_misc.o
 .debug_ranges  0x0000000000000270      0x128 build/gd32f1x0_rcu.o
 .debug_ranges  0x0000000000000398      0x228 build/gd32f1x0_usart.o
 .debug_ranges  0x00000000000005c0       0x30 build/system_gd32f1x0.o
 .debug_ranges  0x00000000000005f0       0x10 build/main.o
 .debug_ranges  0x0000000000000600       0x98 build/util.o
 .debug_ranges  0x0000000000000698       0x68 build/systick.o
 .debug_ranges  0x0000000000000700      0x278 build/mpu6050.o
 .debug_ranges  0x0000000000000978      0x118 build/mpu6050_dmp.o
 .debug_ranges  0x0000000000000a90       0x40 build/setup.o
 .debug_ranges  0x0000000000000ad0       0x18 build/i2c_it.o
 .debug_ranges  0x0000000000000ae8       0x58 build/gd32f1x0_it.o
 .debug_ranges  0x0000000000000b40       0x20 build/startup_gd32f1x0.o
 .debug_ranges  0x0000000000000b60       0x38 /usr/lib/gcc/arm-none-eabi/10.3.1/../../../arm-none-eabi/lib/thumb/v7-m/nofp/libm.a(lib_a-e_asin.o)
 .debug_ranges  0x0000000000000b98       0x30 /usr/lib/gcc/arm-none-eabi/10.3.1/../../../arm-none-eabi/lib/thumb/v7-m/nofp/libm.a(lib_a-e_atan2.o)
 .debug_ranges  0x0000000000000bc8       0x18 /usr/lib/gcc/arm-none-eabi/10.3.1/../../../arm-none-eabi/lib/thumb/v7-m/nofp/libm.a(lib_a-e_sqrt.o)
 .debug_ranges  0x0000000000000be0       0x38 /usr/lib/gcc/arm-none-eabi/10.3.1/../../../arm-none-eabi/lib/thumb/v7-m/nofp/libm.a(lib_a-s_atan.o)

.debug_line     0x0000000000000000     0x975e
 .debug_line    0x0000000000000000      0x5e4 build/gd32f1x0_dma.o
 .debug_line    0x00000000000005e4      0x48d build/gd32f1x0_gpio.o
 .debug_line    0x0000000000000a71      0x743 build/gd32f1x0_i2c.o
 .debug_line    0x00000000000011b4      0x248 build/gd32f1x0_misc.o
 .debug_line    0x00000000000013fc      0x9ad build/gd32f1x0_rcu.o
 .debug_line    0x0000000000001da9      0xc34 build/gd32f1x0_usart.o
 .debug_line    0x00000000000029dd      0x29e build/system_gd32f1x0.o
 .debug_line    0x0000000000002c7b      0x15b build/main.o
 .debug_line    0x0000000000002dd6      0xaae build/util.o
 .debug_line    0x0000000000003884      0x260 build/systick.o
 .debug_line    0x0000000000003ae4     0x250e build/mpu6050.o
 .debug_line    0x0000000000005ff2      0xf42 build/mpu6050_dmp.o
 .debug_line    0x0000000000006f34      0x363 build/setup.o
 .debug_line    0x0000000000007297      0x349 build/i2c_it.o
 .debug_line    0x00000000000075e0      0x242 build/gd32f1x0_it.o
 .debug_line    0x0000000000007822       0x6d build/startup_gd32f1x0.o
 .debug_line    0x000000000000788f       0xe4 /usr/lib/gcc/arm-none-eabi/10.3.1/../../../arm-none-eabi/lib/thumb/v7-m/nofp/libc_nano.a(lib_a-impure.o)
 .debug_line    0x0000000000007973      0x17a /usr/lib/gcc/arm-none-eabi/10.3.1/../../../arm-none-eabi/lib/thumb/v7-m/nofp/libc_nano.a(lib_a-memcmp.o)
 .debug_line    0x0000000000007aed       0xc1 /usr/lib/gcc/arm-none-eabi/10.3.1/../../../arm-none-eabi/lib/thumb/v7-m/nofp/libc_nano.a(lib_a-memcpy.o)
 .debug_line    0x0000000000007bae      0x179 /usr/lib/gcc/arm-none-eabi/10.3.1/../../../arm-none-eabi/lib/thumb/v7-m/nofp/libm.a(lib_a-w_asin.o)
 .debug_line    0x0000000000007d27       0xea /usr/lib/gcc/arm-none-eabi/10.3.1/../../../arm-none-eabi/lib/thumb/v7-m/nofp/libm.a(lib_a-w_atan2.o)
 .debug_line    0x0000000000007e11      0x336 /usr/lib/gcc/arm-none-eabi/10.3.1/../../../arm-none-eabi/lib/thumb/v7-m/nofp/libm.a(lib_a-e_asin.o)
 .debug_line    0x0000000000008147      0x2cd /usr/lib/gcc/arm-none-eabi/10.3.1/../../../arm-none-eabi/lib/thumb/v7-m/nofp/libm.a(lib_a-e_atan2.o)
 .debug_line    0x0000000000008414      0x3f1 /usr/lib/gcc/arm-none-eabi/10.3.1/../../../arm-none-eabi/lib/thumb/v7-m/nofp/libm.a(lib_a-e_sqrt.o)
 .debug_line    0x0000000000008805      0x32b /usr/lib/gcc/arm-none-eabi/10.3.1/../../../arm-none-eabi/lib/thumb/v7-m/nofp/libm.a(lib_a-s_atan.o)
 .debug_line    0x0000000000008b30      0x14c /usr/lib/gcc/arm-none-eabi/10.3.1/../../../arm-none-eabi/lib/thumb/v7-m/nofp/libm.a(lib_a-s_fabs.o)
 .debug_line    0x0000000000008c7c       0x97 /usr/lib/gcc/arm-none-eabi/10.3.1/../../../arm-none-eabi/lib/thumb/v7-m/nofp/libm.a(lib_a-s_lib_ver.o)
 .debug_line    0x0000000000008d13       0xae /usr/lib/gcc/arm-none-eabi/10.3.1/../../../arm-none-eabi/lib/thumb/v7-m/nofp/libm.a(lib_a-s_nan.o)
 .debug_line    0x0000000000008dc1      0x186 /usr/lib/gcc/arm-none-eabi/10.3.1/thumb/v7-m/nofp/libgcc.a(_arm_addsubdf3.o)
 .debug_line    0x0000000000008f47      0x19b /usr/lib/gcc/arm-none-eabi/10.3.1/thumb/v7-m/nofp/libgcc.a(_arm_muldivdf3.o)
 .debug_line    0x00000000000090e2       0xbd /usr/lib/gcc/arm-none-eabi/10.3.1/thumb/v7-m/nofp/libgcc.a(_arm_cmpdf2.o)
 .debug_line    0x000000000000919f       0x6e /usr/lib/gcc/arm-none-eabi/10.3.1/thumb/v7-m/nofp/libgcc.a(_arm_unorddf2.o)
 .debug_line    0x000000000000920d       0x79 /usr/lib/gcc/arm-none-eabi/10.3.1/thumb/v7-m/nofp/libgcc.a(_arm_fixdfsi.o)
 .debug_line    0x0000000000009286       0x8d /usr/lib/gcc/arm-none-eabi/10.3.1/thumb/v7-m/nofp/libgcc.a(_arm_truncdfsf2.o)
 .debug_line    0x0000000000009313      0x11a /usr/lib/gcc/arm-none-eabi/10.3.1/thumb/v7-m/nofp/libgcc.a(_arm_addsubsf3.o)
 .debug_line    0x000000000000942d      0x13a /usr/lib/gcc/arm-none-eabi/10.3.1/thumb/v7-m/nofp/libgcc.a(_arm_muldivsf3.o)
 .debug_line    0x0000000000009567       0x79 /usr/lib/gcc/arm-none-eabi/10.3.1/thumb/v7-m/nofp/libgcc.a(_arm_fixsfsi.o)
 .debug_line    0x00000000000095e0       0x75 /usr/lib/gcc/arm-none-eabi/10.3.1/thumb/v7-m/nofp/libgcc.a(_arm_fixunssfsi.o)
 .debug_line    0x0000000000009655      0x109 /usr/lib/gcc/arm-none-eabi/10.3.1/../../../arm-none-eabi/lib/thumb/v7-m/nofp/libc_nano.a(lib_a-errno.o)

.debug_str      0x0000000000000000     0x4a89
 .debug_str     0x0000000000000000      0x4a9 build/gd32f1x0_dma.o
                                        0x52a (size before relaxing)
 .debug_str     0x00000000000004a9      0x313 build/gd32f1x0_gpio.o
                                        0x49f (size before relaxing)
 .debug_str     0x00000000000007bc      0x393 build/gd32f1x0_i2c.o
                                        0x6d2 (size before relaxing)
 .debug_str     0x0000000000000b4f      0x230 build/gd32f1x0_misc.o
                                        0x394 (size before relaxing)
 .debug_str     0x0000000000000d7f      0xade build/gd32f1x0_rcu.o
                                        0xe5e (size before relaxing)
 .debug_str     0x000000000000185d      0x9e1 build/gd32f1x0_usart.o
                                        0xd68 (size before relaxing)
 .debug_str     0x000000000000223e      0x140 build/system_gd32f1x0.o
                                        0x2e2 (size before relaxing)
 .debug_str     0x000000000000237e       0xda build/main.o
                                        0x30b (size before relaxing)
 .debug_str     0x0000000000002458      0x3ed build/util.o
                                        0x848 (size before relaxing)
 .debug_str     0x0000000000002845      0x375 build/systick.o
                                        0x6c8 (size before relaxing)
 .debug_str     0x0000000000002bba      0xc17 build/mpu6050.o
                                       0x107b (size before relaxing)
 .debug_str     0x00000000000037d1      0x343 build/mpu6050_dmp.o
                                        0x77c (size before relaxing)
 .debug_str     0x0000000000003b14      0x158 build/setup.o
                                        0xb07 (size before relaxing)
 .debug_str     0x0000000000003c6c       0x39 build/i2c_it.o
                                        0x2ea (size before relaxing)
 .debug_str     0x0000000000003ca5      0x21e build/gd32f1x0_it.o
                                        0x561 (size before relaxing)
 .debug_str     0x0000000000003ec3       0x1f build/startup_gd32f1x0.o
                                         0x58 (size before relaxing)
 .debug_str     0x0000000000003ee2      0x450 /usr/lib/gcc/arm-none-eabi/10.3.1/../../../arm-none-eabi/lib/thumb/v7-m/nofp/libc_nano.a(lib_a-impure.o)
                                        0x556 (size before relaxing)
 .debug_str     0x0000000000004332       0x99 /usr/lib/gcc/arm-none-eabi/10.3.1/../../../arm-none-eabi/lib/thumb/v7-m/nofp/libc_nano.a(lib_a-memcmp.o)
                                        0x1a4 (size before relaxing)
 .debug_str     0x00000000000043cb       0xb2 /usr/lib/gcc/arm-none-eabi/10.3.1/../../../arm-none-eabi/lib/thumb/v7-m/nofp/libc_nano.a(lib_a-memcpy.o)
 .debug_str     0x000000000000447d      0x101 /usr/lib/gcc/arm-none-eabi/10.3.1/../../../arm-none-eabi/lib/thumb/v7-m/nofp/libm.a(lib_a-w_asin.o)
                                        0x217 (size before relaxing)
 .debug_str     0x000000000000457e       0x43 /usr/lib/gcc/arm-none-eabi/10.3.1/../../../arm-none-eabi/lib/thumb/v7-m/nofp/libm.a(lib_a-w_atan2.o)
                                        0x1b1 (size before relaxing)
 .debug_str     0x00000000000045c1       0xb1 /usr/lib/gcc/arm-none-eabi/10.3.1/../../../arm-none-eabi/lib/thumb/v7-m/nofp/libm.a(lib_a-e_asin.o)
                                        0x264 (size before relaxing)
 .debug_str     0x0000000000004672       0x60 /usr/lib/gcc/arm-none-eabi/10.3.1/../../../arm-none-eabi/lib/thumb/v7-m/nofp/libm.a(lib_a-e_atan2.o)
                                        0x241 (size before relaxing)
 .debug_str     0x00000000000046d2       0x9f /usr/lib/gcc/arm-none-eabi/10.3.1/../../../arm-none-eabi/lib/thumb/v7-m/nofp/libm.a(lib_a-e_sqrt.o)
                                        0x23a (size before relaxing)
 .debug_str     0x0000000000004771       0x40 /usr/lib/gcc/arm-none-eabi/10.3.1/../../../arm-none-eabi/lib/thumb/v7-m/nofp/libm.a(lib_a-s_atan.o)
                                        0x23c (size before relaxing)
 .debug_str     0x00000000000047b1       0x37 /usr/lib/gcc/arm-none-eabi/10.3.1/../../../arm-none-eabi/lib/thumb/v7-m/nofp/libm.a(lib_a-s_fabs.o)
                                        0x1dc (size before relaxing)
 .debug_str     0x00000000000047e8      0x10c /usr/lib/gcc/arm-none-eabi/10.3.1/../../../arm-none-eabi/lib/thumb/v7-m/nofp/libm.a(lib_a-s_lib_ver.o)
                                        0x1ec (size before relaxing)
 .debug_str     0x00000000000048f4       0x3a /usr/lib/gcc/arm-none-eabi/10.3.1/../../../arm-none-eabi/lib/thumb/v7-m/nofp/libm.a(lib_a-s_nan.o)
                                        0x1b1 (size before relaxing)
 .debug_str     0x000000000000492e       0x9b /usr/lib/gcc/arm-none-eabi/10.3.1/thumb/v7-m/nofp/libgcc.a(_arm_addsubdf3.o)
                                         0xa7 (size before relaxing)
 .debug_str     0x00000000000049c9       0xa7 /usr/lib/gcc/arm-none-eabi/10.3.1/thumb/v7-m/nofp/libgcc.a(_arm_muldivdf3.o)
 .debug_str     0x00000000000049c9       0xa7 /usr/lib/gcc/arm-none-eabi/10.3.1/thumb/v7-m/nofp/libgcc.a(_arm_cmpdf2.o)
 .debug_str     0x00000000000049c9       0xa7 /usr/lib/gcc/arm-none-eabi/10.3.1/thumb/v7-m/nofp/libgcc.a(_arm_unorddf2.o)
 .debug_str     0x00000000000049c9       0xa7 /usr/lib/gcc/arm-none-eabi/10.3.1/thumb/v7-m/nofp/libgcc.a(_arm_fixdfsi.o)
 .debug_str     0x00000000000049c9       0xa7 /usr/lib/gcc/arm-none-eabi/10.3.1/thumb/v7-m/nofp/libgcc.a(_arm_truncdfsf2.o)
 .debug_str     0x00000000000049c9       0x31 /usr/lib/gcc/arm-none-eabi/10.3.1/thumb/v7-m/nofp/libgcc.a(_arm_addsubsf3.o)
                                         0xa7 (size before relaxing)
 .debug_str     0x00000000000049fa       0xa7 /usr/lib/gcc/arm-none-eabi/10.3.1/thumb/v7-m/nofp/libgcc.a(_arm_muldivsf3.o)
 .debug_str     0x00000000000049fa       0xa7 /usr/lib/gcc/arm-none-eabi/10.3.1/thumb/v7-m/nofp/libgcc.a(_arm_fixsfsi.o)
 .debug_str     0x00000000000049fa       0xa7 /usr/lib/gcc/arm-none-eabi/10.3.1/thumb/v7-m/nofp/libgcc.a(_arm_fixunssfsi.o)
 .debug_str     0x00000000000049fa       0x8f /usr/lib/gcc/arm-none-eabi/10.3.1/../../../arm-none-eabi/lib/thumb/v7-m/nofp/libc_nano.a(lib_a-errno.o)
                                        0x4ff (size before relaxing)

.debug_frame    0x0000000000000000     0x20f0
 .debug_frame   0x0000000000000000      0x1c8 build/gd32f1x0_dma.o
 .debug_frame   0x00000000000001c8      0x124 build/gd32f1x0_gpio.o
 .debug_frame   0x00000000000002ec      0x220 build/gd32f1x0_i2c.o
 .debug_frame   0x000000000000050c       0x8c build/gd32f1x0_misc.o
 .debug_frame   0x0000000000000598      0x2d8 build/gd32f1x0_rcu.o
 .debug_frame   0x0000000000000870      0x48c build/gd32f1x0_usart.o
 .debug_frame   0x0000000000000cfc       0x44 build/system_gd32f1x0.o
 .debug_frame   0x0000000000000d40       0x28 build/main.o
 .debug_frame   0x0000000000000d68      0x214 build/util.o
 .debug_frame   0x0000000000000f7c       0x60 build/systick.o
 .debug_frame   0x0000000000000fdc      0x6a4 build/mpu6050.o
 .debug_frame   0x0000000000001680      0x30c build/mpu6050_dmp.o
 .debug_frame   0x000000000000198c      0x114 build/setup.o
 .debug_frame   0x0000000000001aa0       0x6c build/i2c_it.o
 .debug_frame   0x0000000000001b0c      0x10c build/gd32f1x0_it.o
 .debug_frame   0x0000000000001c18       0x28 /usr/lib/gcc/arm-none-eabi/10.3.1/../../../arm-none-eabi/lib/thumb/v7-m/nofp/libc_nano.a(lib_a-memcmp.o)
 .debug_frame   0x0000000000001c40       0x38 /usr/lib/gcc/arm-none-eabi/10.3.1/../../../arm-none-eabi/lib/thumb/v7-m/nofp/libm.a(lib_a-w_asin.o)
 .debug_frame   0x0000000000001c78       0x20 /usr/lib/gcc/arm-none-eabi/10.3.1/../../../arm-none-eabi/lib/thumb/v7-m/nofp/libm.a(lib_a-w_atan2.o)
 .debug_frame   0x0000000000001c98       0x50 /usr/lib/gcc/arm-none-eabi/10.3.1/../../../arm-none-eabi/lib/thumb/v7-m/nofp/libm.a(lib_a-e_asin.o)
 .debug_frame   0x0000000000001ce8       0x48 /usr/lib/gcc/arm-none-eabi/10.3.1/../../../arm-none-eabi/lib/thumb/v7-m/nofp/libm.a(lib_a-e_atan2.o)
 .debug_frame   0x0000000000001d30       0x34 /usr/lib/gcc/arm-none-eabi/10.3.1/../../../arm-none-eabi/lib/thumb/v7-m/nofp/libm.a(lib_a-e_sqrt.o)
 .debug_frame   0x0000000000001d64       0x38 /usr/lib/gcc/arm-none-eabi/10.3.1/../../../arm-none-eabi/lib/thumb/v7-m/nofp/libm.a(lib_a-s_atan.o)
 .debug_frame   0x0000000000001d9c       0x20 /usr/lib/gcc/arm-none-eabi/10.3.1/../../../arm-none-eabi/lib/thumb/v7-m/nofp/libm.a(lib_a-s_fabs.o)
 .debug_frame   0x0000000000001dbc       0x20 /usr/lib/gcc/arm-none-eabi/10.3.1/../../../arm-none-eabi/lib/thumb/v7-m/nofp/libm.a(lib_a-s_nan.o)
 .debug_frame   0x0000000000001ddc       0xac /usr/lib/gcc/arm-none-eabi/10.3.1/thumb/v7-m/nofp/libgcc.a(_arm_addsubdf3.o)
 .debug_frame   0x0000000000001e88       0x50 /usr/lib/gcc/arm-none-eabi/10.3.1/thumb/v7-m/nofp/libgcc.a(_arm_muldivdf3.o)
 .debug_frame   0x0000000000001ed8       0xc4 /usr/lib/gcc/arm-none-eabi/10.3.1/thumb/v7-m/nofp/libgcc.a(_arm_cmpdf2.o)
 .debug_frame   0x0000000000001f9c       0x20 /usr/lib/gcc/arm-none-eabi/10.3.1/thumb/v7-m/nofp/libgcc.a(_arm_unorddf2.o)
 .debug_frame   0x0000000000001fbc       0x24 /usr/lib/gcc/arm-none-eabi/10.3.1/thumb/v7-m/nofp/libgcc.a(_arm_fixdfsi.o)
 .debug_frame   0x0000000000001fe0       0x24 /usr/lib/gcc/arm-none-eabi/10.3.1/thumb/v7-m/nofp/libgcc.a(_arm_truncdfsf2.o)
 .debug_frame   0x0000000000002004       0x4c /usr/lib/gcc/arm-none-eabi/10.3.1/thumb/v7-m/nofp/libgcc.a(_arm_addsubsf3.o)
 .debug_frame   0x0000000000002050       0x38 /usr/lib/gcc/arm-none-eabi/10.3.1/thumb/v7-m/nofp/libgcc.a(_arm_muldivsf3.o)
 .debug_frame   0x0000000000002088       0x24 /usr/lib/gcc/arm-none-eabi/10.3.1/thumb/v7-m/nofp/libgcc.a(_arm_fixsfsi.o)
 .debug_frame   0x00000000000020ac       0x24 /usr/lib/gcc/arm-none-eabi/10.3.1/thumb/v7-m/nofp/libgcc.a(_arm_fixunssfsi.o)
 .debug_frame   0x00000000000020d0       0x20 /usr/lib/gcc/arm-none-eabi/10.3.1/../../../arm-none-eabi/lib/thumb/v7-m/nofp/libc_nano.a(lib_a-errno.o)

Cross Reference Table

Symbol                                            File
ADC_CMP_IRQHandler                                build/startup_gd32f1x0.o
BusFault_Handler                                  build/gd32f1x0_it.o
CAN0_RX0_IRQHandler                               build/startup_gd32f1x0.o
CAN0_RX1_IRQHandler                               build/startup_gd32f1x0.o
CAN0_SCE_IRQHandler                               build/startup_gd32f1x0.o
CAN0_TX_IRQHandler                                build/startup_gd32f1x0.o
CAN1_RX0_IRQHandler                               build/startup_gd32f1x0.o
CAN1_RX1_IRQHandler                               build/startup_gd32f1x0.o
CAN1_SCE_IRQHandler                               build/startup_gd32f1x0.o
CAN1_TX_IRQHandler                                build/startup_gd32f1x0.o
CEC_IRQHandler                                    build/startup_gd32f1x0.o
DMA_Channel0_IRQHandler                           build/startup_gd32f1x0.o
DMA_Channel1_2_IRQHandler                         build/startup_gd32f1x0.o
DMA_Channel3_4_IRQHandler                         build/startup_gd32f1x0.o
DMA_Channel5_6_IRQHandler                         build/startup_gd32f1x0.o
DebugMon_Handler                                  build/gd32f1x0_it.o
Default_Handler                                   build/startup_gd32f1x0.o
EXTI0_1_IRQHandler                                build/startup_gd32f1x0.o
EXTI2_3_IRQHandler                                build/startup_gd32f1x0.o
EXTI4_15_IRQHandler                               build/startup_gd32f1x0.o
FMC_IRQHandler                                    build/startup_gd32f1x0.o
HardFault_Handler                                 build/gd32f1x0_it.o
I2C0_ER_IRQHandler                                build/gd32f1x0_it.o
I2C0_EV_IRQHandler                                build/gd32f1x0_it.o
I2C0_ErrorIRQ_Handler                             build/i2c_it.o
                                                  build/gd32f1x0_it.o
I2C0_EventIRQ_Handler                             build/i2c_it.o
                                                  build/gd32f1x0_it.o
I2C1_ER_IRQHandler                                build/startup_gd32f1x0.o
I2C1_EV_IRQHandler                                build/startup_gd32f1x0.o
I2C2_ER_IRQHandler                                build/startup_gd32f1x0.o
I2C2_EV_IRQHandler                                build/startup_gd32f1x0.o
LVD_IRQHandler                                    build/startup_gd32f1x0.o
MemManage_Handler                                 build/gd32f1x0_it.o
NMI_Handler                                       build/gd32f1x0_it.o
PendSV_Handler                                    build/gd32f1x0_it.o
RCU_IRQHandler                                    build/startup_gd32f1x0.o
RTC_IRQHandler                                    build/startup_gd32f1x0.o
Reset_Handler                                     build/startup_gd32f1x0.o
SLCD_IRQHandler                                   build/startup_gd32f1x0.o
SPI0_IRQHandler                                   build/startup_gd32f1x0.o
SPI1_IRQHandler                                   build/startup_gd32f1x0.o
SPI2_IRQHandler                                   build/startup_gd32f1x0.o
SVC_Handler                                       build/gd32f1x0_it.o
SysTick_Handler                                   build/gd32f1x0_it.o
SystemCoreClock                                   build/system_gd32f1x0.o
                                                  build/systick.o
SystemCoreClockUpdate                             build/system_gd32f1x0.o
SystemInit                                        build/system_gd32f1x0.o
                                                  build/startup_gd32f1x0.o
TIMER0_BRK_UP_TRG_COM_IRQHandler                  build/startup_gd32f1x0.o
TIMER0_Channel_IRQHandler                         build/startup_gd32f1x0.o
TIMER13_IRQHandler                                build/startup_gd32f1x0.o
TIMER14_IRQHandler                                build/startup_gd32f1x0.o
TIMER15_IRQHandler                                build/startup_gd32f1x0.o
TIMER16_IRQHandler                                build/startup_gd32f1x0.o
TIMER1_IRQHandler                                 build/startup_gd32f1x0.o
TIMER2_IRQHandler                                 build/startup_gd32f1x0.o
TIMER5_DAC_IRQHandler                             build/startup_gd32f1x0.o
TSI_IRQHandler                                    build/startup_gd32f1x0.o
USART0_IRQHandler                                 build/gd32f1x0_it.o
USART1_IRQHandler                                 build/gd32f1x0_it.o
USBDWakeUp_IRQHandler                             build/startup_gd32f1x0.o
USBD_HP_IRQHandler                                build/startup_gd32f1x0.o
USBD_LP_IRQHandler                                build/startup_gd32f1x0.o
UsageFault_Handler                                build/gd32f1x0_it.o
WWDG_IRQHandler                                   build/startup_gd32f1x0.o
_ITM_deregisterTMCloneTable                       /usr/lib/gcc/arm-none-eabi/10.3.1/thumb/v7-m/nofp/crtbegin.o
_ITM_registerTMCloneTable                         /usr/lib/gcc/arm-none-eabi/10.3.1/thumb/v7-m/nofp/crtbegin.o
__TMC_END__                                       /usr/lib/gcc/arm-none-eabi/10.3.1/thumb/v7-m/nofp/crtend.o
                                                  /usr/lib/gcc/arm-none-eabi/10.3.1/thumb/v7-m/nofp/crtbegin.o
__adddf3                                          /usr/lib/gcc/arm-none-eabi/10.3.1/thumb/v7-m/nofp/libgcc.a(_arm_addsubdf3.o)
__addsf3                                          /usr/lib/gcc/arm-none-eabi/10.3.1/thumb/v7-m/nofp/libgcc.a(_arm_addsubsf3.o)
__aeabi_cdcmpeq                                   /usr/lib/gcc/arm-none-eabi/10.3.1/thumb/v7-m/nofp/libgcc.a(_arm_cmpdf2.o)
__aeabi_cdcmple                                   /usr/lib/gcc/arm-none-eabi/10.3.1/thumb/v7-m/nofp/libgcc.a(_arm_cmpdf2.o)
__aeabi_cdrcmple                                  /usr/lib/gcc/arm-none-eabi/10.3.1/thumb/v7-m/nofp/libgcc.a(_arm_cmpdf2.o)
__aeabi_cfcmpeq                                   /usr/lib/gcc/arm-none-eabi/10.3.1/thumb/v7-m/nofp/libgcc.a(_arm_cmpsf2.o)
__aeabi_cfcmple                                   /usr/lib/gcc/arm-none-eabi/10.3.1/thumb/v7-m/nofp/libgcc.a(_arm_cmpsf2.o)
__aeabi_cfrcmple                                  /usr/lib/gcc/arm-none-eabi/10.3.1/thumb/v7-m/nofp/libgcc.a(_arm_cmpsf2.o)
__aeabi_d2f                                       /usr/lib/gcc/arm-none-eabi/10.3.1/thumb/v7-m/nofp/libgcc.a(_arm_truncdfsf2.o)
                                                  build/mpu6050.o
__aeabi_d2iz                                      /usr/lib/gcc/arm-none-eabi/10.3.1/thumb/v7-m/nofp/libgcc.a(_arm_fixdfsi.o)
                                                  build/mpu6050.o
__aeabi_dadd                                      /usr/lib/gcc/arm-none-eabi/10.3.1/thumb/v7-m/nofp/libgcc.a(_arm_addsubdf3.o)
                                                  /usr/lib/gcc/arm-none-eabi/10.3.1/../../../arm-none-eabi/lib/thumb/v7-m/nofp/libm.a(lib_a-s_atan.o)
                                                  /usr/lib/gcc/arm-none-eabi/10.3.1/../../../arm-none-eabi/lib/thumb/v7-m/nofp/libm.a(lib_a-e_sqrt.o)
                                                  /usr/lib/gcc/arm-none-eabi/10.3.1/../../../arm-none-eabi/lib/thumb/v7-m/nofp/libm.a(lib_a-e_atan2.o)
                                                  /usr/lib/gcc/arm-none-eabi/10.3.1/../../../arm-none-eabi/lib/thumb/v7-m/nofp/libm.a(lib_a-e_asin.o)